Archive member included to satisfy reference by file (symbol)

C:\Users\79099\STM32CubeIDE\workspace_1.13.2\device_lib\Debug\libdevice_lib.a(.)
                              ./Core/Src/app.o (nDevs)
C:\Users\79099\STM32CubeIDE\workspace_1.13.2\device_lib\Debug\libdevice_lib.a(.)
                              ./Core/Src/app.o (VDevice::DeviceInit(VDeviceCfg*))
C:\Users\79099\STM32CubeIDE\workspace_1.13.2\device_lib\Debug\libdevice_lib.a(./src/device_button.o)
                              ./Core/Src/app.o (VDeviceButton::Init())
C:\Users\79099\STM32CubeIDE\workspace_1.13.2\device_lib\Debug\libdevice_lib.a(./src/device_dpt.o)
                              C:\Users\79099\STM32CubeIDE\workspace_1.13.2\device_lib\Debug\libdevice_lib.a(./src/device_button.o) (VDeviceDPT::VDeviceDPT(unsigned char))
C:\Users\79099\STM32CubeIDE\workspace_1.13.2\device_lib\Debug\libdevice_lib.a(./src/device_igniter.o)
                              ./Core/Src/app.o (VDeviceIgniter::VDeviceIgniter(unsigned char))
C:\Users\79099\STM32CubeIDE\workspace_1.13.2\device_lib\Debug\libdevice_lib.a(./src/device_lswitch.o)
                              ./Core/Src/app.o (VDeviceLimitSwitch::VDeviceLimitSwitch(unsigned char))
C:\Users\79099\STM32CubeIDE\workspace_1.13.2\device_lib\Debug\libdevice_lib.a(.)
                              C:\Users\79099\STM32CubeIDE\workspace_1.13.2\device_lib\Debug\libdevice_lib.a(.) (crc32)
C:/ST/STM32CubeIDE_1.13.2/STM32CubeIDE/plugins/com.st.stm32cube.ide.mcu.externaltools.gnu-tools-for-stm32.13.3.rel1.win32_1.0.0.202411081344/tools/bin/../lib/gcc/arm-none-eabi/13.3.1/../../../../arm-none-eabi/lib/thumb/v8-m.main+fp/hard\libstdc++_nano.a(class_type_info.o)
                              C:\Users\79099\STM32CubeIDE\workspace_1.13.2\device_lib\Debug\libdevice_lib.a(.) (vtable for __cxxabiv1::__class_type_info)
C:/ST/STM32CubeIDE_1.13.2/STM32CubeIDE/plugins/com.st.stm32cube.ide.mcu.externaltools.gnu-tools-for-stm32.13.3.rel1.win32_1.0.0.202411081344/tools/bin/../lib/gcc/arm-none-eabi/13.3.1/../../../../arm-none-eabi/lib/thumb/v8-m.main+fp/hard\libstdc++_nano.a(del_ops.o)
                              C:/ST/STM32CubeIDE_1.13.2/STM32CubeIDE/plugins/com.st.stm32cube.ide.mcu.externaltools.gnu-tools-for-stm32.13.3.rel1.win32_1.0.0.202411081344/tools/bin/../lib/gcc/arm-none-eabi/13.3.1/../../../../arm-none-eabi/lib/thumb/v8-m.main+fp/hard\libstdc++_nano.a(class_type_info.o) (operator delete(void*, unsigned int))
C:/ST/STM32CubeIDE_1.13.2/STM32CubeIDE/plugins/com.st.stm32cube.ide.mcu.externaltools.gnu-tools-for-stm32.13.3.rel1.win32_1.0.0.202411081344/tools/bin/../lib/gcc/arm-none-eabi/13.3.1/../../../../arm-none-eabi/lib/thumb/v8-m.main+fp/hard\libstdc++_nano.a(si_class_type_info.o)
                              C:\Users\79099\STM32CubeIDE\workspace_1.13.2\device_lib\Debug\libdevice_lib.a(./src/device_button.o) (vtable for __cxxabiv1::__si_class_type_info)
C:/ST/STM32CubeIDE_1.13.2/STM32CubeIDE/plugins/com.st.stm32cube.ide.mcu.externaltools.gnu-tools-for-stm32.13.3.rel1.win32_1.0.0.202411081344/tools/bin/../lib/gcc/arm-none-eabi/13.3.1/../../../../arm-none-eabi/lib/thumb/v8-m.main+fp/hard\libstdc++_nano.a(tinfo.o)
                              C:/ST/STM32CubeIDE_1.13.2/STM32CubeIDE/plugins/com.st.stm32cube.ide.mcu.externaltools.gnu-tools-for-stm32.13.3.rel1.win32_1.0.0.202411081344/tools/bin/../lib/gcc/arm-none-eabi/13.3.1/../../../../arm-none-eabi/lib/thumb/v8-m.main+fp/hard\libstdc++_nano.a(class_type_info.o) (std::type_info::~type_info())
C:/ST/STM32CubeIDE_1.13.2/STM32CubeIDE/plugins/com.st.stm32cube.ide.mcu.externaltools.gnu-tools-for-stm32.13.3.rel1.win32_1.0.0.202411081344/tools/bin/../lib/gcc/arm-none-eabi/13.3.1/../../../../arm-none-eabi/lib/thumb/v8-m.main+fp/hard\libstdc++_nano.a(del_op.o)
                              C:/ST/STM32CubeIDE_1.13.2/STM32CubeIDE/plugins/com.st.stm32cube.ide.mcu.externaltools.gnu-tools-for-stm32.13.3.rel1.win32_1.0.0.202411081344/tools/bin/../lib/gcc/arm-none-eabi/13.3.1/../../../../arm-none-eabi/lib/thumb/v8-m.main+fp/hard\libstdc++_nano.a(del_ops.o) (operator delete(void*))
C:/ST/STM32CubeIDE_1.13.2/STM32CubeIDE/plugins/com.st.stm32cube.ide.mcu.externaltools.gnu-tools-for-stm32.13.3.rel1.win32_1.0.0.202411081344/tools/bin/../lib/gcc/arm-none-eabi/13.3.1/../../../../arm-none-eabi/lib/thumb/v8-m.main+fp/hard\libc_nano.a(libc_a-exit.o)
                              C:/ST/STM32CubeIDE_1.13.2/STM32CubeIDE/plugins/com.st.stm32cube.ide.mcu.externaltools.gnu-tools-for-stm32.13.3.rel1.win32_1.0.0.202411081344/tools/bin/../lib/gcc/arm-none-eabi/13.3.1/../../../../arm-none-eabi/lib/thumb/v8-m.main+fp/hard/crt0.o (exit)
C:/ST/STM32CubeIDE_1.13.2/STM32CubeIDE/plugins/com.st.stm32cube.ide.mcu.externaltools.gnu-tools-for-stm32.13.3.rel1.win32_1.0.0.202411081344/tools/bin/../lib/gcc/arm-none-eabi/13.3.1/../../../../arm-none-eabi/lib/thumb/v8-m.main+fp/hard\libc_nano.a(libc_a-malloc.o)
[...]
Memory Configuration

Name             Origin             Length             Attributes
RAM              0x20000000         0x00044000         xrw
FLASH            0x0800c000         0x00024000         xr
FLASH_CFG        0x0807e000         0x00002000         r
*default*        0x00000000         0xffffffff

Linker script and memory map

LOAD C:/ST/STM32CubeIDE_1.13.2/STM32CubeIDE/plugins/com.st.stm32cube.ide.mcu.externaltools.gnu-tools-for-stm32.13.3.rel1.win32_1.0.0.202411081344/tools/bin/../lib/gcc/arm-none-eabi/13.3.1/thumb/v8-m.main+fp/hard/crti.o
LOAD C:/ST/STM32CubeIDE_1.13.2/STM32CubeIDE/plugins/com.st.stm32cube.ide.mcu.externaltools.gnu-tools-for-stm32.13.3.rel1.win32_1.0.0.202411081344/tools/bin/../lib/gcc/arm-none-eabi/13.3.1/thumb/v8-m.main+fp/hard/crtbegin.o
LOAD C:/ST/STM32CubeIDE_1.13.2/STM32CubeIDE/plugins/com.st.stm32cube.ide.mcu.externaltools.gnu-tools-for-stm32.13.3.rel1.win32_1.0.0.202411081344/tools/bin/../lib/gcc/arm-none-eabi/13.3.1/../../../../arm-none-eabi/lib/thumb/v8-m.main+fp/hard/crt0.o
LOAD ./Core/Src/adc.o
LOAD ./Core/Src/app.o
LOAD ./Core/Src/main.o
LOAD ./Core/Src/stm32h5xx_hal_msp.o
LOAD ./Core/Src/stm32h5xx_it.o
LOAD ./Core/Src/syscalls.o
LOAD ./Core/Src/sysmem.o
LOAD ./Core/Src/system_stm32h5xx.o
LOAD ./Core/Src/upd.o
LOAD ./Core/Startup/startup_stm32h523retx.o
LOAD ./Drivers/STM32H5xx_HAL_Driver/Src/stm32h5xx_hal.o
LOAD ./Drivers/STM32H5xx_HAL_Driver/Src/stm32h5xx_hal_adc.o
LOAD ./Drivers/STM32H5xx_HAL_Driver/Src/stm32h5xx_hal_adc_ex.o
LOAD ./Drivers/STM32H5xx_HAL_Driver/Src/stm32h5xx_hal_cortex.o
LOAD ./Drivers/STM32H5xx_HAL_Driver/Src/stm32h5xx_hal_dma.o
LOAD ./Drivers/STM32H5xx_HAL_Driver/Src/stm32h5xx_hal_dma_ex.o
LOAD ./Drivers/STM32H5xx_HAL_Driver/Src/stm32h5xx_hal_exti.o
LOAD ./Drivers/STM32H5xx_HAL_Driver/Src/stm32h5xx_hal_fdcan.o
LOAD ./Drivers/STM32H5xx_HAL_Driver/Src/stm32h5xx_hal_flash.o
LOAD ./Drivers/STM32H5xx_HAL_Driver/Src/stm32h5xx_hal_flash_ex.o
LOAD ./Drivers/STM32H5xx_HAL_Driver/Src/stm32h5xx_hal_gpio.o
LOAD ./Drivers/STM32H5xx_HAL_Driver/Src/stm32h5xx_hal_pwr.o
LOAD ./Drivers/STM32H5xx_HAL_Driver/Src/stm32h5xx_hal_pwr_ex.o
LOAD ./Drivers/STM32H5xx_HAL_Driver/Src/stm32h5xx_hal_rcc.o
LOAD ./Drivers/STM32H5xx_HAL_Driver/Src/stm32h5xx_hal_rcc_ex.o
LOAD ./Drivers/STM32H5xx_HAL_Driver/Src/stm32h5xx_hal_tim.o
LOAD ./Drivers/STM32H5xx_HAL_Driver/Src/stm32h5xx_hal_tim_ex.o
LOAD C:\Users\79099\STM32CubeIDE\workspace_1.13.2\device_lib\Debug\libdevice_lib.a
START GROUP
LOAD C:/ST/STM32CubeIDE_1.13.2/STM32CubeIDE/plugins/com.st.stm32cube.ide.mcu.externaltools.gnu-tools-for-stm32.13.3.rel1.win32_1.0.0.202411081344/tools/bin/../lib/gcc/arm-none-eabi/13.3.1/../../../../arm-none-eabi/lib/thumb/v8-m.main+fp/hard\libstdc++_nano.a
LOAD C:/ST/STM32CubeIDE_1.13.2/STM32CubeIDE/plugins/com.st.stm32cube.ide.mcu.externaltools.gnu-tools-for-stm32.13.3.rel1.win32_1.0.0.202411081344/tools/bin/../lib/gcc/arm-none-eabi/13.3.1/../../../../arm-none-eabi/lib/thumb/v8-m.main+fp/hard\libsupc++_nano.a
END GROUP
LOAD C:/ST/STM32CubeIDE_1.13.2/STM32CubeIDE/plugins/com.st.stm32cube.ide.mcu.externaltools.gnu-tools-for-stm32.13.3.rel1.win32_1.0.0.202411081344/tools/bin/../lib/gcc/arm-none-eabi/13.3.1/../../../../arm-none-eabi/lib/thumb/v8-m.main+fp/hard\libstdc++_nano.a
LOAD C:/ST/STM32CubeIDE_1.13.2/STM32CubeIDE/plugins/com.st.stm32cube.ide.mcu.externaltools.gnu-tools-for-stm32.13.3.rel1.win32_1.0.0.202411081344/tools/bin/../lib/gcc/arm-none-eabi/13.3.1/../../../../arm-none-eabi/lib/thumb/v8-m.main+fp/hard\libm.a
LOAD C:/ST/STM32CubeIDE_1.13.2/STM32CubeIDE/plugins/com.st.stm32cube.ide.mcu.externaltools.gnu-tools-for-stm32.13.3.rel1.win32_1.0.0.202411081344/tools/bin/../lib/gcc/arm-none-eabi/13.3.1/../../../../arm-none-eabi/lib/thumb/v8-m.main+fp/hard\libc_nano.a
START GROUP
LOAD C:/ST/STM32CubeIDE_1.13.2/STM32CubeIDE/plugins/com.st.stm32cube.ide.mcu.externaltools.gnu-tools-for-stm32.13.3.rel1.win32_1.0.0.202411081344/tools/bin/../lib/gcc/arm-none-eabi/13.3.1/thumb/v8-m.main+fp/hard\libgcc.a
LOAD C:/ST/STM32CubeIDE_1.13.2/STM32CubeIDE/plugins/com.st.stm32cube.ide.mcu.externaltools.gnu-tools-for-stm32.13.3.rel1.win32_1.0.0.202411081344/tools/bin/../lib/gcc/arm-none-eabi/13.3.1/../../../../arm-none-eabi/lib/thumb/v8-m.main+fp/hard\libc_nano.a
END GROUP
START GROUP
LOAD C:/ST/STM32CubeIDE_1.13.2/STM32CubeIDE/plugins/com.st.stm32cube.ide.mcu.externaltools.gnu-tools-for-stm32.13.3.rel1.win32_1.0.0.202411081344/tools/bin/../lib/gcc/arm-none-eabi/13.3.1/thumb/v8-m.main+fp/hard\libgcc.a
LOAD C:/ST/STM32CubeIDE_1.13.2/STM32CubeIDE/plugins/com.st.stm32cube.ide.mcu.externaltools.gnu-tools-for-stm32.13.3.rel1.win32_1.0.0.202411081344/tools/bin/../lib/gcc/arm-none-eabi/13.3.1/../../../../arm-none-eabi/lib/thumb/v8-m.main+fp/hard\libc_nano.a
LOAD C:/ST/STM32CubeIDE_1.13.2/STM32CubeIDE/plugins/com.st.stm32cube.ide.mcu.externaltools.gnu-tools-for-stm32.13.3.rel1.win32_1.0.0.202411081344/tools/bin/../lib/gcc/arm-none-eabi/13.3.1/../../../../arm-none-eabi/lib/thumb/v8-m.main+fp/hard\libnosys.a
END GROUP
START GROUP
LOAD C:/ST/STM32CubeIDE_1.13.2/STM32CubeIDE/plugins/com.st.stm32cube.ide.mcu.externaltools.gnu-tools-for-stm32.13.3.rel1.win32_1.0.0.202411081344/tools/bin/../lib/gcc/arm-none-eabi/13.3.1/thumb/v8-m.main+fp/hard\libgcc.a
LOAD C:/ST/STM32CubeIDE_1.13.2/STM32CubeIDE/plugins/com.st.stm32cube.ide.mcu.externaltools.gnu-tools-for-stm32.13.3.rel1.win32_1.0.0.202411081344/tools/bin/../lib/gcc/arm-none-eabi/13.3.1/../../../../arm-none-eabi/lib/thumb/v8-m.main+fp/hard\libc_nano.a
LOAD C:/ST/STM32CubeIDE_1.13.2/STM32CubeIDE/plugins/com.st.stm32cube.ide.mcu.externaltools.gnu-tools-for-stm32.13.3.rel1.win32_1.0.0.202411081344/tools/bin/../lib/gcc/arm-none-eabi/13.3.1/../../../../arm-none-eabi/lib/thumb/v8-m.main+fp/hard\libnosys.a
END GROUP
LOAD C:/ST/STM32CubeIDE_1.13.2/STM32CubeIDE/plugins/com.st.stm32cube.ide.mcu.externaltools.gnu-tools-for-stm32.13.3.rel1.win32_1.0.0.202411081344/tools/bin/../lib/gcc/arm-none-eabi/13.3.1/thumb/v8-m.main+fp/hard/crtend.o
LOAD C:/ST/STM32CubeIDE_1.13.2/STM32CubeIDE/plugins/com.st.stm32cube.ide.mcu.externaltools.gnu-tools-for-stm32.13.3.rel1.win32_1.0.0.202411081344/tools/bin/../lib/gcc/arm-none-eabi/13.3.1/thumb/v8-m.main+fp/hard/crtn.o
                0x20044000                        _estack = (ORIGIN (RAM) + LENGTH (RAM))
                0x00000200                        _Min_Heap_Size = 0x200
                0x00000400                        _Min_Stack_Size = 0x400

.isr_vector     0x0800c000      0x254
                0x0800c000                        . = ALIGN (0x4)
 *(.isr_vector)
 .isr_vector    0x0800c000      0x254 ./Core/Startup/startup_stm32h523retx.o
                0x0800c000                g_pfnVectors
                0x0800c254                        . = ALIGN (0x4)

.text           0x0800c254     0xe0d0
                0x0800c254                        . = ALIGN (0x4)
 *(.text)
 .text          0x0800c254       0x40 C:/ST/STM32CubeIDE_1.13.2/STM32CubeIDE/plugins/com.st.stm32cube.ide.mcu.externaltools.gnu-tools-for-stm32.13.3.rel1.win32_1.0.0.202411081344/tools/bin/../lib/gcc/arm-none-eabi/13.3.1/thumb/v8-m.main+fp/hard/crtbegin.o
 .text          0x0800c294     0x1190 C:\Users\79099\STM32CubeIDE\workspace_1.13.2\device_lib\Debug\libdevice_lib.a(.)
                0x0800c294                GetRetranslate
                0x0800c2ac                RcvStatusFire
                0x0800c2c6                RcvReplyStatusFire
                0x0800c2fa                RcvReplyStartExtinguishment
                0x0800c32e                RcvReplyStopExtinguishment
                0x0800c348                CanSendOverError
                0x0800c356                BackendGetSendOverflowCount
                0x0800c36c                BackendGetDeviceCount
                0x0800c384                SendMessageFull
                0x0800c47c                BackendProcess
                0x0800c500                isFireCMD
                0x0800c528                ProtocolParse
                0x0800c710                SendAllMessage
                0x0800c790                SendMessage
                0x0800c84c                FireServiceCmd
                0x0800c9f4                ConfigServiceCmd
                0x0800cd60                ServiceCommandParse
                0x0800cf94                SetConfigPtr
                0x0800cfc0                SetStatusFire
                0x0800cfe0                SetReplyStatusFire
                0x0800d020                SetReplyStartExtinguishment
                0x0800d060                SetReplyStopExtinguishment
                0x0800d0a0                SetStartExtinguishment
                0x0800d128                SetStopExtinguishment
                0x0800d180                BSU_Checksum
                0x0800d1c2                BSU_PacketBuildCan
                0x0800d31a                BSU_PacketParse
 .text          0x0800d424       0xe8 C:\Users\79099\STM32CubeIDE\workspace_1.13.2\device_lib\Debug\libdevice_lib.a(.)
                0x0800d424                VDevice::VDevice(unsigned char)
                0x0800d424                VDevice::VDevice(unsigned char)
                0x0800d45c                VDevice::SetStatus()
                0x0800d470                VDevice::SetDefaultCfg()
                0x0800d484                VDevice::Process()
                0x0800d498                VDevice::CommandCB(unsigned char, unsigned char*)
                0x0800d4b2                VDevice::Init()
                0x0800d4c6                VDevice::DeviceInit(VDeviceCfg*)
                0x0800d4e2                VDevice::Timer1ms()
                0x0800d4f6                VDevice::Timer1us()
 .text          0x0800d50c      0x2a8 C:\Users\79099\STM32CubeIDE\workspace_1.13.2\device_lib\Debug\libdevice_lib.a(./src/device_button.o)
                0x0800d50c                VDeviceButton_SendStartSP
                0x0800d51a                VDeviceButton::VDeviceButton(unsigned char)
                0x0800d51a                VDeviceButton::VDeviceButton(unsigned char)
                0x0800d56c                VDeviceButton::GetTriggeredLineState() const
                0x0800d582                VDeviceButton::Init()
                0x0800d612                VDeviceButton::OnPressEdge()
                0x0800d6ac                VDeviceButton::Timer1ms()
                0x0800d6f4                VDeviceButton::CommandCB(unsigned char, unsigned char*)
                0x0800d79e                VDeviceButton::GetDT()
 .text          0x0800d7b4      0x810 C:\Users\79099\STM32CubeIDE\workspace_1.13.2\device_lib\Debug\libdevice_lib.a(./src/device_dpt.o)
                0x0800d7b4                VDeviceDPT::VDeviceDPT(unsigned char)
                0x0800d7b4                VDeviceDPT::VDeviceDPT(unsigned char)
                0x0800d89c                VDeviceDPT::GetTriggeredLineState() const
                0x0800d8b2                VDeviceDPT::Init()
                0x0800d9c6                VDeviceDPT::Process()
                0x0800d9f4                VDeviceDPT::CommandCB(unsigned char, unsigned char*)
                0x0800daf6                VDeviceDPT::UpdateStatus(DeviceDPTStatus)
                0x0800db1a                VDeviceDPT::SetStatus()
                0x0800dbc8                VDeviceDPT::Timer1ms()
                0x0800ddd2                VDeviceDPT::SetAdcValues(unsigned short, unsigned short)
                0x0800de02                VDeviceDPT::SetMaxStatus(short, unsigned char, short)
                0x0800de48                VDeviceDPT::UpdateLineStateInstant()
                0x0800df08                VDeviceDPT::UpdateLineStateFiltered()
                0x0800dfac                VDeviceDPT::GetDT()
 .text          0x0800dfc4      0x780 C:\Users\79099\STM32CubeIDE\workspace_1.13.2\device_lib\Debug\libdevice_lib.a(./src/device_igniter.o)
                0x0800dfc4                VDeviceIgniter::VDeviceIgniter(unsigned char)
                0x0800dfc4                VDeviceIgniter::VDeviceIgniter(unsigned char)
                0x0800e07c                VDeviceIgniter::Init()
                0x0800e1c4                VDeviceIgniter::IsPwmActive() const
                0x0800e1fa                VDeviceIgniter::UpdateLineFromAdcMv(unsigned short)
                0x0800e2a2                VDeviceIgniter::Process()
                0x0800e2e0                VDeviceIgniter::CommandCB(unsigned char, unsigned char*)
                0x0800e432                VDeviceIgniter::UpdateStatus(DeviceIgniterStatus)
                0x0800e456                VDeviceIgniter::SetStatus()
                0x0800e4d8                VDeviceIgniter::Timer1ms()
                0x0800e554                VDeviceIgniter::SetLineState(DeviceIgniterLineState)
                0x0800e592                VDeviceIgniter::HandleLineState()
                0x0800e60e                VDeviceIgniter::UpdatePwm()
 .text          0x0800e744       0x58 C:\Users\79099\STM32CubeIDE\workspace_1.13.2\device_lib\Debug\libdevice_lib.a(./src/device_lswitch.o)
                0x0800e744                VDeviceLimitSwitch::VDeviceLimitSwitch(unsigned char)
                0x0800e744                VDeviceLimitSwitch::VDeviceLimitSwitch(unsigned char)
                0x0800e770                VDeviceLimitSwitch::OnPressEdge()
                0x0800e784                VDeviceLimitSwitch::GetDT()
 .text          0x0800e79c       0xd8 C:\Users\79099\STM32CubeIDE\workspace_1.13.2\device_lib\Debug\libdevice_lib.a(.)
                0x0800e79c                crc32
                0x0800e7f0                CRC16
 .text          0x0800e874       0x14 C:/ST/STM32CubeIDE_1.13.2/STM32CubeIDE/plugins/com.st.stm32cube.ide.mcu.externaltools.gnu-tools-for-stm32.13.3.rel1.win32_1.0.0.202411081344/tools/bin/../lib/gcc/arm-none-eabi/13.3.1/../../../../arm-none-eabi/lib/thumb/v8-m.main+fp/hard\libc_nano.a(libc_a-strcmp.o)
                0x0800e874                strcmp
 .text          0x0800e888      0xa60 C:/ST/STM32CubeIDE_1.13.2/STM32CubeIDE/plugins/com.st.stm32cube.ide.mcu.externaltools.gnu-tools-for-stm32.13.3.rel1.win32_1.0.0.202411081344/tools/bin/../lib/gcc/arm-none-eabi/13.3.1/thumb/v8-m.main+fp/hard\libgcc.a(unwind-arm.o)
                0x0800eb48                _Unwind_GetCFA
                0x0800eb4c                __gnu_Unwind_RaiseException
                0x0800ebb4                __gnu_Unwind_ForcedUnwind
                0x0800ebc8                __gnu_Unwind_Resume
                0x0800ec0c                __gnu_Unwind_Resume_or_Rethrow
                0x0800ec20                _Unwind_Complete
                0x0800ec24                _Unwind_DeleteException
                0x0800ec30                _Unwind_VRS_Get
                0x0800ec7c                _Unwind_VRS_Set
                0x0800ecc8                __gnu_Unwind_Backtrace
                0x0800eff4                __aeabi_unwind_cpp_pr0
                0x0800eff8                __aeabi_unwind_cpp_pr1
                0x0800effc                __aeabi_unwind_cpp_pr2
                0x0800f000                _Unwind_VRS_Pop
 .text          0x0800f2e8      0x1ac C:/ST/STM32CubeIDE_1.13.2/STM32CubeIDE/plugins/com.st.stm32cube.ide.mcu.externaltools.gnu-tools-for-stm32.13.3.rel1.win32_1.0.0.202411081344/tools/bin/../lib/gcc/arm-none-eabi/13.3.1/thumb/v8-m.main+fp/hard\libgcc.a(libunwind.o)
                0x0800f2e8                __restore_core_regs
                0x0800f2e8                restore_core_regs
                0x0800f300                __gnu_Unwind_Restore_VFP
                0x0800f308                __gnu_Unwind_Save_VFP
                0x0800f310                __gnu_Unwind_Restore_VFP_D
                0x0800f318                __gnu_Unwind_Save_VFP_D
                0x0800f320                __gnu_Unwind_Restore_VFP_D_16_to_31
                0x0800f328                __gnu_Unwind_Save_VFP_D_16_to_31
                0x0800f330                __gnu_Unwind_Restore_WMMXD
                0x0800f374                __gnu_Unwind_Save_WMMXD
                0x0800f3b8                __gnu_Unwind_Restore_WMMXC
                0x0800f3cc                __gnu_Unwind_Save_WMMXC
                0x0800f3e0                ___Unwind_RaiseException
                0x0800f3e0                _Unwind_RaiseException
                0x0800f404                _Unwind_Resume
                0x0800f404                ___Unwind_Resume
                0x0800f428                _Unwind_Resume_or_Rethrow
                0x0800f428                ___Unwind_Resume_or_Rethrow
                0x0800f44c                _Unwind_ForcedUnwind
                0x0800f44c                ___Unwind_ForcedUnwind
                0x0800f470                ___Unwind_Backtrace
                0x0800f470                _Unwind_Backtrace
 .text          0x0800f494      0x3a4 C:/ST/STM32CubeIDE_1.13.2/STM32CubeIDE/plugins/com.st.stm32cube.ide.mcu.externaltools.gnu-tools-for-stm32.13.3.rel1.win32_1.0.0.202411081344/tools/bin/../lib/gcc/arm-none-eabi/13.3.1/thumb/v8-m.main+fp/hard\libgcc.a(pr-support.o)
                0x0800f4ec                __gnu_unwind_execute
                0x0800f7ec                __gnu_unwind_frame
                0x0800f818                _Unwind_GetRegionStart
                0x0800f824                _Unwind_GetLanguageSpecificData
 *(.text*)
 .text.SmaProcess
                0x0800f838       0xd4 ./Core/Src/adc.o
 .text.ADC_GetIgniterFiltered
                0x0800f90c       0x18 ./Core/Src/adc.o
                0x0800f90c                ADC_GetIgniterFiltered
 .text.ADC_GetU24Filtered
                0x0800f924       0x18 ./Core/Src/adc.o
                0x0800f924                ADC_GetU24Filtered
 .text.HAL_ADC_ConvCpltCallback
                0x0800f93c       0xd0 ./Core/Src/adc.o
                0x0800f93c                HAL_ADC_ConvCpltCallback
 .text._ZNK14VDeviceIgniter6GetPwmEv
                0x0800fa0c       0x18 ./Core/Src/app.o
                0x0800fa0c                VDeviceIgniter::GetPwm() const
 .text.__NVIC_SystemReset
                0x0800fa24       0x2c ./Core/Src/app.o
 .text.RcvSetSystemTime
                0x0800fa50       0x14 ./Core/Src/app.o
                0x0800fa50                RcvSetSystemTime
 .text._ZL26App_FindIgniterSlotByMsgIdm
                0x0800fa64       0x80 ./Core/Src/app.o
 .text.RcvStartExtinguishment
                0x0800fae4       0x84 ./Core/Src/app.o
                0x0800fae4                RcvStartExtinguishment
 .text.RcvStopExtinguishment
                0x0800fb68       0x50 ./Core/Src/app.o
                0x0800fb68                RcvStopExtinguishment
 .text._ZL26App_DPT1_SetResMeasureModev
                0x0800fbb8       0x18 ./Core/Src/app.o
 .text._ZL26App_DPT1_SetMaxMeasureModev
                0x0800fbd0       0x18 ./Core/Src/app.o
 .text._ZL26App_DPT2_SetResMeasureModev
                0x0800fbe8       0x18 ./Core/Src/app.o
 .text._ZL26App_DPT2_SetMaxMeasureModev
                0x0800fc00       0x18 ./Core/Src/app.o
 .text._ZL16VDeviceSetStatushhPKh
                0x0800fc18       0x5a ./Core/Src/app.o
 *fill*         0x0800fc72        0x2 
 .text.SetHAdr  0x0800fc74       0x50 ./Core/Src/app.o
                0x0800fc74                SetHAdr
 .text.DefaultConfig
                0x0800fcc4      0x118 ./Core/Src/app.o
                0x0800fcc4                DefaultConfig
 .text.GetConfigSize
                0x0800fddc       0x12 ./Core/Src/app.o
                0x0800fddc                GetConfigSize
 *fill*         0x0800fdee        0x2 
 .text.GetConfigWord
                0x0800fdf0       0x80 ./Core/Src/app.o
                0x0800fdf0                GetConfigWord
 .text.SetConfigWord
                0x0800fe70       0x70 ./Core/Src/app.o
                0x0800fe70                SetConfigWord
 .text.FlashReadConfig
                0x0800fee0       0x6c ./Core/Src/app.o
 .text.FlashWriteData
                0x0800ff4c      0x22c ./Core/Src/app.o
                0x0800ff4c                FlashWriteData
 .text.SaveConfig
                0x08010178       0x38 ./Core/Src/app.o
                0x08010178                SaveConfig
 .text.ResetMCU
                0x080101b0        0x8 ./Core/Src/app.o
                0x080101b0                ResetMCU
 .text.MCU_K3CommandCB
                0x080101b8       0x2c ./Core/Src/app.o
                0x080101b8                MCU_K3CommandCB
 .text.CommandCB
                0x080101e4       0x78 ./Core/Src/app.o
                0x080101e4                CommandCB
 .text.ListenerCommandCB
                0x0801025c       0x16 ./Core/Src/app.o
                0x0801025c                ListenerCommandCB
 *fill*         0x08010272        0x2 
 .text.App_CanOnRx
                0x08010274       0x50 ./Core/Src/app.o
                0x08010274                App_CanOnRx
 .text.App_CanRxPush
                0x080102c4       0xac ./Core/Src/app.o
                0x080102c4                App_CanRxPush
 .text.App_CanProcess
                0x08010370       0x80 ./Core/Src/app.o
                0x08010370                App_CanProcess
 .text.App_Init
                0x080103f0      0x248 ./Core/Src/app.o
                0x080103f0                App_Init
 .text.App_UpdateCanActivity
                0x08010638       0x6c ./Core/Src/app.o
                0x08010638                App_UpdateCanActivity
 .text.App_SetLimit1AdcValues
                0x080106a4      0x13c ./Core/Src/app.o
                0x080106a4                App_SetLimit1AdcValues
 .text.App_SetLimit2AdcValues
                0x080107e0      0x13c ./Core/Src/app.o
                0x080107e0                App_SetLimit2AdcValues
 .text.App_Timer1ms
                0x0801091c      0x230 ./Core/Src/app.o
                0x0801091c                App_Timer1ms
 .text._Z41__static_initialization_and_destruction_0v
                0x08010b4c       0x2c ./Core/Src/app.o
 .text._GLOBAL__sub_I_CAN1_Active
                0x08010b78        0xa ./Core/Src/app.o
 *fill*         0x08010b82        0x2 
 .text.FDCAN_StartAll
                0x08010b84       0x68 ./Core/Src/main.o
 .text.CanTxEnqueue
                0x08010bec       0xa8 ./Core/Src/main.o
 .text.App_CanTxProcess
                0x08010c94       0xf4 ./Core/Src/main.o
                0x08010c94                App_CanTxProcess
 .text.CANSendData
                0x08010d88       0x2a ./Core/Src/main.o
                0x08010d88                CANSendData
 *fill*         0x08010db2        0x2 
 .text.HAL_FDCAN_RxFifo0Callback
                0x08010db4       0xb0 ./Core/Src/main.o
                0x08010db4                HAL_FDCAN_RxFifo0Callback
 .text.HAL_FDCAN_ErrorStatusCallback
                0x08010e64       0x96 ./Core/Src/main.o
                0x08010e64                HAL_FDCAN_ErrorStatusCallback
 *fill*         0x08010efa        0x2 
 .text.main     0x08010efc       0x6c ./Core/Src/main.o
                0x08010efc                main
 .text.SystemClock_Config
                0x08010f68       0xe4 ./Core/Src/main.o
                0x08010f68                SystemClock_Config
 .text.MX_ADC1_Init
                0x0801104c      0x16c ./Core/Src/main.o
 .text.MX_FDCAN1_Init
                0x080111b8       0x8c ./Core/Src/main.o
 .text.MX_FDCAN2_Init
                0x08011244       0x8c ./Core/Src/main.o
 .text.MX_GPDMA1_Init
                0x080112d0       0x40 ./Core/Src/main.o
 .text.MX_TIM4_Init
                0x08011310       0xec ./Core/Src/main.o
 .text.MX_GPIO_Init
                0x080113fc       0xf4 ./Core/Src/main.o
 .text.Error_Handler
                0x080114f0        0xc ./Core/Src/main.o
                0x080114f0                Error_Handler
 .text.HAL_MspInit
                0x080114fc        0xe ./Core/Src/stm32h5xx_hal_msp.o
                0x080114fc                HAL_MspInit
 *fill*         0x0801150a        0x2 
 .text.HAL_ADC_MspInit
                0x0801150c      0x280 ./Core/Src/stm32h5xx_hal_msp.o
                0x0801150c                HAL_ADC_MspInit
 .text.HAL_FDCAN_MspInit
                0x0801178c      0x1c0 ./Core/Src/stm32h5xx_hal_msp.o
                0x0801178c                HAL_FDCAN_MspInit
 .text.HAL_TIM_Base_MspInit
                0x0801194c       0x44 ./Core/Src/stm32h5xx_hal_msp.o
                0x0801194c                HAL_TIM_Base_MspInit
 .text.HAL_TIM_MspPostInit
                0x08011990       0x74 ./Core/Src/stm32h5xx_hal_msp.o
                0x08011990                HAL_TIM_MspPostInit
 .text.NMI_Handler
                0x08011a04        0x8 ./Core/Src/stm32h5xx_it.o
                0x08011a04                NMI_Handler
 .text.HardFault_Handler
                0x08011a0c        0x8 ./Core/Src/stm32h5xx_it.o
                0x08011a0c                HardFault_Handler
 .text.MemManage_Handler
                0x08011a14        0x8 ./Core/Src/stm32h5xx_it.o
                0x08011a14                MemManage_Handler
 .text.BusFault_Handler
                0x08011a1c        0x8 ./Core/Src/stm32h5xx_it.o
                0x08011a1c                BusFault_Handler
 .text.UsageFault_Handler
                0x08011a24        0x8 ./Core/Src/stm32h5xx_it.o
                0x08011a24                UsageFault_Handler
 .text.SVC_Handler
                0x08011a2c        0xe ./Core/Src/stm32h5xx_it.o
                0x08011a2c                SVC_Handler
 .text.DebugMon_Handler
                0x08011a3a        0xe ./Core/Src/stm32h5xx_it.o
                0x08011a3a                DebugMon_Handler
 .text.PendSV_Handler
                0x08011a48        0xe ./Core/Src/stm32h5xx_it.o
                0x08011a48                PendSV_Handler
 .text.SysTick_Handler
                0x08011a56        0xc ./Core/Src/stm32h5xx_it.o
                0x08011a56                SysTick_Handler
 *fill*         0x08011a62        0x2 
 .text.GPDMA1_Channel0_IRQHandler
                0x08011a64       0x14 ./Core/Src/stm32h5xx_it.o
                0x08011a64                GPDMA1_Channel0_IRQHandler
 .text.FDCAN1_IT0_IRQHandler
                0x08011a78       0x14 ./Core/Src/stm32h5xx_it.o
                0x08011a78                FDCAN1_IT0_IRQHandler
 .text.FDCAN2_IT0_IRQHandler
                0x08011a8c       0x14 ./Core/Src/stm32h5xx_it.o
                0x08011a8c                FDCAN2_IT0_IRQHandler
 .text._getpid  0x08011aa0       0x10 ./Core/Src/syscalls.o
                0x08011aa0                _getpid
 .text._kill    0x08011ab0       0x20 ./Core/Src/syscalls.o
                0x08011ab0                _kill
 .text._exit    0x08011ad0       0x16 ./Core/Src/syscalls.o
                0x08011ad0                _exit
 *fill*         0x08011ae6        0x2 
 .text.SystemInit
                0x08011ae8       0xf8 ./Core/Src/system_stm32h5xx.o
                0x08011ae8                SystemInit
 .text.__NVIC_SystemReset
                0x08011be0       0x2c ./Core/Src/upd.o
 .text._ZL15UpdateFlushQuadv
                0x08011c0c       0xac ./Core/Src/upd.o
 .text._ZL15UpdateEraseAreav
                0x08011cb8       0xc4 ./Core/Src/upd.o
 .text.SetUpdateWord
                0x08011d7c      0x1b4 ./Core/Src/upd.o
                0x08011d7c                SetUpdateWord
 .text.FinishUpdateTransmit
                0x08011f30       0x40 ./Core/Src/upd.o
                0x08011f30                FinishUpdateTransmit
 .text.GetAppVersion
                0x08011f70       0x10 ./Core/Src/upd.o
                0x08011f70                GetAppVersion
 .text.Reset_Handler
                0x08011f80       0x50 ./Core/Startup/startup_stm32h523retx.o
                0x08011f80                Reset_Handler
 .text.Default_Handler
                0x08011fd0        0x2 ./Core/Startup/startup_stm32h523retx.o
                0x08011fd0                EXTI2_IRQHandler
                0x08011fd0                TIM8_TRG_COM_IRQHandler
                0x08011fd0                TIM8_CC_IRQHandler
                0x08011fd0                EXTI5_IRQHandler
                0x08011fd0                I3C1_ER_IRQHandler
                0x08011fd0                SPI4_IRQHandler
                0x08011fd0                GPDMA2_Channel1_IRQHandler
                0x08011fd0                FLASH_S_IRQHandler
                0x08011fd0                EXTI13_IRQHandler
                0x08011fd0                TIM1_CC_IRQHandler
                0x08011fd0                GPDMA2_Channel3_IRQHandler
                0x08011fd0                TAMP_IRQHandler
                0x08011fd0                TIM6_IRQHandler
                0x08011fd0                EXTI12_IRQHandler
                0x08011fd0                USB_DRD_FS_IRQHandler
                0x08011fd0                EXTI3_IRQHandler
                0x08011fd0                GPDMA1_Channel5_IRQHandler
                0x08011fd0                EXTI8_IRQHandler
                0x08011fd0                GPDMA2_Channel5_IRQHandler
                0x08011fd0                LPTIM2_IRQHandler
                0x08011fd0                I2C3_ER_IRQHandler
                0x08011fd0                GPDMA2_Channel2_IRQHandler
                0x08011fd0                EXTI0_IRQHandler
                0x08011fd0                I2C2_EV_IRQHandler
                0x08011fd0                FPU_IRQHandler
                0x08011fd0                GPDMA1_Channel3_IRQHandler
                0x08011fd0                GPDMA1_Channel7_IRQHandler
                0x08011fd0                FDCAN1_IT1_IRQHandler
                0x08011fd0                RAMCFG_IRQHandler
                0x08011fd0                DCACHE1_IRQHandler
                0x08011fd0                SPI1_IRQHandler
                0x08011fd0                OCTOSPI1_IRQHandler
                0x08011fd0                GPDMA1_Channel2_IRQHandler
                0x08011fd0                TIM8_UP_IRQHandler
                0x08011fd0                RCC_S_IRQHandler
                0x08011fd0                ADC1_IRQHandler
                0x08011fd0                USART6_IRQHandler
                0x08011fd0                I3C2_ER_IRQHandler
                0x08011fd0                EXTI15_IRQHandler
                0x08011fd0                USART3_IRQHandler
                0x08011fd0                RTC_IRQHandler
                0x08011fd0                EXTI9_IRQHandler
                0x08011fd0                UART5_IRQHandler
                0x08011fd0                TIM4_IRQHandler
                0x08011fd0                I3C2_EV_IRQHandler
                0x08011fd0                I2C1_EV_IRQHandler
                0x08011fd0                GPDMA1_Channel1_IRQHandler
                0x08011fd0                UART4_IRQHandler
                0x08011fd0                SecureFault_Handler
                0x08011fd0                TIM3_IRQHandler
                0x08011fd0                RCC_IRQHandler
                0x08011fd0                TIM1_TRG_COM_IRQHandler
                0x08011fd0                Default_Handler
                0x08011fd0                CEC_IRQHandler
                0x08011fd0                GPDMA2_Channel4_IRQHandler
                0x08011fd0                TIM12_IRQHandler
                0x08011fd0                TIM7_IRQHandler
                0x08011fd0                SDMMC1_IRQHandler
                0x08011fd0                TIM5_IRQHandler
                0x08011fd0                UCPD1_IRQHandler
                0x08011fd0                I3C1_EV_IRQHandler
                0x08011fd0                TIM15_IRQHandler
                0x08011fd0                PVD_AVD_IRQHandler
                0x08011fd0                I2C3_EV_IRQHandler
                0x08011fd0                ADC2_IRQHandler
                0x08011fd0                SPI2_IRQHandler
                0x08011fd0                EXTI14_IRQHandler
                0x08011fd0                EXTI11_IRQHandler
                0x08011fd0                CRS_IRQHandler
                0x08011fd0                EXTI4_IRQHandler
                0x08011fd0                GPDMA2_Channel0_IRQHandler
                0x08011fd0                RTC_S_IRQHandler
                0x08011fd0                RNG_IRQHandler
                0x08011fd0                FDCAN2_IT1_IRQHandler
                0x08011fd0                GPDMA2_Channel6_IRQHandler
                0x08011fd0                TIM1_UP_IRQHandler
                0x08011fd0                WWDG_IRQHandler
                0x08011fd0                IWDG_IRQHandler
                0x08011fd0                LPUART1_IRQHandler
                0x08011fd0                TIM2_IRQHandler
                0x08011fd0                GPDMA1_Channel4_IRQHandler
                0x08011fd0                EXTI7_IRQHandler
                0x08011fd0                TIM1_BRK_IRQHandler
                0x08011fd0                EXTI1_IRQHandler
                0x08011fd0                DAC1_IRQHandler
                0x08011fd0                DTS_IRQHandler
                0x08011fd0                GTZC_IRQHandler
                0x08011fd0                USART2_IRQHandler
                0x08011fd0                GPDMA1_Channel6_IRQHandler
                0x08011fd0                GPDMA2_Channel7_IRQHandler
                0x08011fd0                I2C2_ER_IRQHandler
                0x08011fd0                TIM8_BRK_IRQHandler
                0x08011fd0                FLASH_IRQHandler
                0x08011fd0                USART1_IRQHandler
                0x08011fd0                EXTI10_IRQHandler
                0x08011fd0                SPI3_IRQHandler
                0x08011fd0                I2C1_ER_IRQHandler
                0x08011fd0                FMC_IRQHandler
                0x08011fd0                EXTI6_IRQHandler
                0x08011fd0                LPTIM1_IRQHandler
                0x08011fd0                DCMI_PSSI_IRQHandler
                0x08011fd0                ICACHE_IRQHandler
                0x08011fd0                HASH_IRQHandler
 *fill*         0x08011fd2        0x2 
 .text.HAL_Init
                0x08011fd4       0x50 ./Drivers/STM32H5xx_HAL_Driver/Src/stm32h5xx_hal.o
                0x08011fd4                HAL_Init
 .text.HAL_InitTick
                0x08012024       0xec ./Drivers/STM32H5xx_HAL_Driver/Src/stm32h5xx_hal.o
                0x08012024                HAL_InitTick
 .text.HAL_IncTick
                0x08012110       0x28 ./Drivers/STM32H5xx_HAL_Driver/Src/stm32h5xx_hal.o
                0x08012110                HAL_IncTick
 .text.HAL_GetTick
                0x08012138       0x18 ./Drivers/STM32H5xx_HAL_Driver/Src/stm32h5xx_hal.o
                0x08012138                HAL_GetTick
 .text.HAL_SetTickFreq
                0x08012150       0x50 ./Drivers/STM32H5xx_HAL_Driver/Src/stm32h5xx_hal.o
                0x08012150                HAL_SetTickFreq
 .text.HAL_GetDEVID
                0x080121a0       0x1c ./Drivers/STM32H5xx_HAL_Driver/Src/stm32h5xx_hal.o
                0x080121a0                HAL_GetDEVID
 .text.HAL_GetUIDw0
                0x080121bc       0x18 ./Drivers/STM32H5xx_HAL_Driver/Src/stm32h5xx_hal.o
                0x080121bc                HAL_GetUIDw0
 .text.HAL_GetUIDw1
                0x080121d4       0x18 ./Drivers/STM32H5xx_HAL_Driver/Src/stm32h5xx_hal.o
                0x080121d4                HAL_GetUIDw1
 .text.HAL_GetUIDw2
                0x080121ec       0x18 ./Drivers/STM32H5xx_HAL_Driver/Src/stm32h5xx_hal.o
                0x080121ec                HAL_GetUIDw2
 .text.LL_ADC_SetCommonClock
                0x08012204       0x26 ./Drivers/STM32H5xx_HAL_Driver/Src/stm32h5xx_hal_adc.o
 .text.LL_ADC_SetCommonPathInternalCh
                0x0801222a       0x26 ./Drivers/STM32H5xx_HAL_Driver/Src/stm32h5xx_hal_adc.o
 .text.LL_ADC_GetCommonPathInternalCh
                0x08012250       0x1c ./Drivers/STM32H5xx_HAL_Driver/Src/stm32h5xx_hal_adc.o
 .text.LL_ADC_EnableChannelVDDcore
                0x0801226c       0x24 ./Drivers/STM32H5xx_HAL_Driver/Src/stm32h5xx_hal_adc.o
 .text.LL_ADC_EnableChannel0_GPIO
                0x08012290       0x28 ./Drivers/STM32H5xx_HAL_Driver/Src/stm32h5xx_hal_adc.o
 .text.LL_ADC_SetOffset
                0x080122b8       0x48 ./Drivers/STM32H5xx_HAL_Driver/Src/stm32h5xx_hal_adc.o
 .text.LL_ADC_GetOffsetChannel
                0x08012300       0x2c ./Drivers/STM32H5xx_HAL_Driver/Src/stm32h5xx_hal_adc.o
 .text.LL_ADC_SetOffsetState
                0x0801232c       0x36 ./Drivers/STM32H5xx_HAL_Driver/Src/stm32h5xx_hal_adc.o
 .text.LL_ADC_SetOffsetSign
                0x08012362       0x36 ./Drivers/STM32H5xx_HAL_Driver/Src/stm32h5xx_hal_adc.o
 .text.LL_ADC_SetOffsetSaturation
                0x08012398       0x36 ./Drivers/STM32H5xx_HAL_Driver/Src/stm32h5xx_hal_adc.o
 .text.LL_ADC_SetSamplingTimeCommonConfig
                0x080123ce       0x26 ./Drivers/STM32H5xx_HAL_Driver/Src/stm32h5xx_hal_adc.o
 .text.LL_ADC_REG_IsTriggerSourceSWStart
                0x080123f4       0x26 ./Drivers/STM32H5xx_HAL_Driver/Src/stm32h5xx_hal_adc.o
 .text.LL_ADC_REG_SetSequencerRanks
                0x0801241a       0x58 ./Drivers/STM32H5xx_HAL_Driver/Src/stm32h5xx_hal_adc.o
 .text.LL_ADC_SetChannelSamplingTime
                0x08012472       0x56 ./Drivers/STM32H5xx_HAL_Driver/Src/stm32h5xx_hal_adc.o
 .text.LL_ADC_SetChannelSingleDiff
                0x080124c8       0x48 ./Drivers/STM32H5xx_HAL_Driver/Src/stm32h5xx_hal_adc.o
 .text.LL_ADC_GetMultimode
                0x08012510       0x1c ./Drivers/STM32H5xx_HAL_Driver/Src/stm32h5xx_hal_adc.o
 .text.LL_ADC_DisableDeepPowerDown
                0x0801252c       0x24 ./Drivers/STM32H5xx_HAL_Driver/Src/stm32h5xx_hal_adc.o
 .text.LL_ADC_IsDeepPowerDownEnabled
                0x08012550       0x28 ./Drivers/STM32H5xx_HAL_Driver/Src/stm32h5xx_hal_adc.o
 .text.LL_ADC_EnableInternalRegulator
                0x08012578       0x28 ./Drivers/STM32H5xx_HAL_Driver/Src/stm32h5xx_hal_adc.o
 .text.LL_ADC_IsInternalRegulatorEnabled
                0x080125a0       0x28 ./Drivers/STM32H5xx_HAL_Driver/Src/stm32h5xx_hal_adc.o
 .text.LL_ADC_Enable
                0x080125c8       0x28 ./Drivers/STM32H5xx_HAL_Driver/Src/stm32h5xx_hal_adc.o
 .text.LL_ADC_IsEnabled
                0x080125f0       0x26 ./Drivers/STM32H5xx_HAL_Driver/Src/stm32h5xx_hal_adc.o
 .text.LL_ADC_REG_StartConversion
                0x08012616       0x28 ./Drivers/STM32H5xx_HAL_Driver/Src/stm32h5xx_hal_adc.o
 .text.LL_ADC_REG_IsConversionOngoing
                0x0801263e       0x26 ./Drivers/STM32H5xx_HAL_Driver/Src/stm32h5xx_hal_adc.o
 .text.LL_ADC_INJ_IsConversionOngoing
                0x08012664       0x26 ./Drivers/STM32H5xx_HAL_Driver/Src/stm32h5xx_hal_adc.o
 *fill*         0x0801268a        0x2 
 .text.HAL_ADC_Init
                0x0801268c      0x2a8 ./Drivers/STM32H5xx_HAL_Driver/Src/stm32h5xx_hal_adc.o
                0x0801268c                HAL_ADC_Init
 .text.HAL_ADC_Start_DMA
                0x08012934      0x254 ./Drivers/STM32H5xx_HAL_Driver/Src/stm32h5xx_hal_adc.o
                0x08012934                HAL_ADC_Start_DMA
 .text.HAL_ADC_ConvHalfCpltCallback
                0x08012b88       0x14 ./Drivers/STM32H5xx_HAL_Driver/Src/stm32h5xx_hal_adc.o
                0x08012b88                HAL_ADC_ConvHalfCpltCallback
 .text.HAL_ADC_ErrorCallback
                0x08012b9c       0x14 ./Drivers/STM32H5xx_HAL_Driver/Src/stm32h5xx_hal_adc.o
                0x08012b9c                HAL_ADC_ErrorCallback
 .text.HAL_ADC_ConfigChannel
                0x08012bb0      0x820 ./Drivers/STM32H5xx_HAL_Driver/Src/stm32h5xx_hal_adc.o
                0x08012bb0                HAL_ADC_ConfigChannel
 .text.ADC_Enable
                0x080133d0      0x104 ./Drivers/STM32H5xx_HAL_Driver/Src/stm32h5xx_hal_adc.o
                0x080133d0                ADC_Enable
 .text.ADC_DMAConvCplt
                0x080134d4       0xd8 ./Drivers/STM32H5xx_HAL_Driver/Src/stm32h5xx_hal_adc.o
                0x080134d4                ADC_DMAConvCplt
 .text.ADC_DMAHalfConvCplt
                0x080135ac       0x1c ./Drivers/STM32H5xx_HAL_Driver/Src/stm32h5xx_hal_adc.o
                0x080135ac                ADC_DMAHalfConvCplt
 .text.ADC_DMAError
                0x080135c8       0x34 ./Drivers/STM32H5xx_HAL_Driver/Src/stm32h5xx_hal_adc.o
                0x080135c8                ADC_DMAError
 .text.__NVIC_SetPriorityGrouping
                0x080135fc       0x48 ./Drivers/STM32H5xx_HAL_Driver/Src/stm32h5xx_hal_cortex.o
 .text.__NVIC_GetPriorityGrouping
                0x08013644       0x1c ./Drivers/STM32H5xx_HAL_Driver/Src/stm32h5xx_hal_cortex.o
 .text.__NVIC_EnableIRQ
                0x08013660       0x3c ./Drivers/STM32H5xx_HAL_Driver/Src/stm32h5xx_hal_cortex.o
 .text.__NVIC_SetPriority
                0x0801369c       0x54 ./Drivers/STM32H5xx_HAL_Driver/Src/stm32h5xx_hal_cortex.o
 .text.NVIC_EncodePriority
                0x080136f0       0x66 ./Drivers/STM32H5xx_HAL_Driver/Src/stm32h5xx_hal_cortex.o
 .text.HAL_NVIC_SetPriorityGrouping
                0x08013756       0x16 ./Drivers/STM32H5xx_HAL_Driver/Src/stm32h5xx_hal_cortex.o
                0x08013756                HAL_NVIC_SetPriorityGrouping
 .text.HAL_NVIC_SetPriority
                0x0801376c       0x34 ./Drivers/STM32H5xx_HAL_Driver/Src/stm32h5xx_hal_cortex.o
                0x0801376c                HAL_NVIC_SetPriority
 .text.HAL_NVIC_EnableIRQ
                0x080137a0       0x1c ./Drivers/STM32H5xx_HAL_Driver/Src/stm32h5xx_hal_cortex.o
                0x080137a0                HAL_NVIC_EnableIRQ
 .text.HAL_SYSTICK_Config
                0x080137bc       0x44 ./Drivers/STM32H5xx_HAL_Driver/Src/stm32h5xx_hal_cortex.o
                0x080137bc                HAL_SYSTICK_Config
 .text.HAL_SYSTICK_CLKSourceConfig
                0x08013800       0xb0 ./Drivers/STM32H5xx_HAL_Driver/Src/stm32h5xx_hal_cortex.o
                0x08013800                HAL_SYSTICK_CLKSourceConfig
 .text.HAL_SYSTICK_GetCLKSourceConfig
                0x080138b0       0x6c ./Drivers/STM32H5xx_HAL_Driver/Src/stm32h5xx_hal_cortex.o
                0x080138b0                HAL_SYSTICK_GetCLKSourceConfig
 .text.HAL_DMA_Start_IT
                0x0801391c       0xcc ./Drivers/STM32H5xx_HAL_Driver/Src/stm32h5xx_hal_dma.o
                0x0801391c                HAL_DMA_Start_IT
 .text.HAL_DMA_IRQHandler
                0x080139e8      0x2c2 ./Drivers/STM32H5xx_HAL_Driver/Src/stm32h5xx_hal_dma.o
                0x080139e8                HAL_DMA_IRQHandler
 .text.HAL_DMA_ConfigChannelAttributes
                0x08013caa       0x78 ./Drivers/STM32H5xx_HAL_Driver/Src/stm32h5xx_hal_dma.o
                0x08013caa                HAL_DMA_ConfigChannelAttributes
 .text.DMA_SetConfig
                0x08013d22       0x4a ./Drivers/STM32H5xx_HAL_Driver/Src/stm32h5xx_hal_dma.o
 .text.HAL_DMAEx_List_Init
                0x08013d6c      0x258 ./Drivers/STM32H5xx_HAL_Driver/Src/stm32h5xx_hal_dma_ex.o
                0x08013d6c                HAL_DMAEx_List_Init
 .text.HAL_DMAEx_List_Start_IT
                0x08013fc4      0x134 ./Drivers/STM32H5xx_HAL_Driver/Src/stm32h5xx_hal_dma_ex.o
                0x08013fc4                HAL_DMAEx_List_Start_IT
 .text.HAL_DMAEx_List_BuildNode
                0x080140f8       0x2c ./Drivers/STM32H5xx_HAL_Driver/Src/stm32h5xx_hal_dma_ex.o
                0x080140f8                HAL_DMAEx_List_BuildNode
 .text.HAL_DMAEx_List_GetNodeConfig
                0x08014124       0x2c ./Drivers/STM32H5xx_HAL_Driver/Src/stm32h5xx_hal_dma_ex.o
                0x08014124                HAL_DMAEx_List_GetNodeConfig
 .text.HAL_DMAEx_List_InsertNode
                0x08014150      0x192 ./Drivers/STM32H5xx_HAL_Driver/Src/stm32h5xx_hal_dma_ex.o
                0x08014150                HAL_DMAEx_List_InsertNode
 .text.HAL_DMAEx_List_SetCircularMode
                0x080142e2       0xc0 ./Drivers/STM32H5xx_HAL_Driver/Src/stm32h5xx_hal_dma_ex.o
                0x080142e2                HAL_DMAEx_List_SetCircularMode
 *fill*         0x080143a2        0x2 
 .text.HAL_DMAEx_List_LinkQ
                0x080143a4      0x138 ./Drivers/STM32H5xx_HAL_Driver/Src/stm32h5xx_hal_dma_ex.o
                0x080143a4                HAL_DMAEx_List_LinkQ
 .text.DMA_List_Init
                0x080144dc      0x2b0 ./Drivers/STM32H5xx_HAL_Driver/Src/stm32h5xx_hal_dma_ex.o
 .text.DMA_List_BuildNode
                0x0801478c      0x2c0 ./Drivers/STM32H5xx_HAL_Driver/Src/stm32h5xx_hal_dma_ex.o
 .text.DMA_List_GetNodeConfig
                0x08014a4c      0x214 ./Drivers/STM32H5xx_HAL_Driver/Src/stm32h5xx_hal_dma_ex.o
 .text.DMA_List_CheckNodesBaseAddresses
                0x08014c60       0x60 ./Drivers/STM32H5xx_HAL_Driver/Src/stm32h5xx_hal_dma_ex.o
 .text.DMA_List_CheckNodesTypes
                0x08014cc0       0x78 ./Drivers/STM32H5xx_HAL_Driver/Src/stm32h5xx_hal_dma_ex.o
 .text.DMA_List_GetCLLRNodeInfo
                0x08014d38       0x60 ./Drivers/STM32H5xx_HAL_Driver/Src/stm32h5xx_hal_dma_ex.o
 .text.DMA_List_FindNode
                0x08014d98      0x13e ./Drivers/STM32H5xx_HAL_Driver/Src/stm32h5xx_hal_dma_ex.o
 *fill*         0x08014ed6        0x2 
 .text.HAL_FDCAN_Init
                0x08014ed8      0x2b4 ./Drivers/STM32H5xx_HAL_Driver/Src/stm32h5xx_hal_fdcan.o
                0x08014ed8                HAL_FDCAN_Init
 .text.HAL_FDCAN_ConfigFilter
                0x0801518c       0xb4 ./Drivers/STM32H5xx_HAL_Driver/Src/stm32h5xx_hal_fdcan.o
                0x0801518c                HAL_FDCAN_ConfigFilter
 .text.HAL_FDCAN_Start
                0x08015240       0x50 ./Drivers/STM32H5xx_HAL_Driver/Src/stm32h5xx_hal_fdcan.o
                0x08015240                HAL_FDCAN_Start
 .text.HAL_FDCAN_AddMessageToTxFifoQ
                0x08015290       0x88 ./Drivers/STM32H5xx_HAL_Driver/Src/stm32h5xx_hal_fdcan.o
                0x08015290                HAL_FDCAN_AddMessageToTxFifoQ
 .text.HAL_FDCAN_GetRxMessage
                0x08015318      0x210 ./Drivers/STM32H5xx_HAL_Driver/Src/stm32h5xx_hal_fdcan.o
                0x08015318                HAL_FDCAN_GetRxMessage
 .text.HAL_FDCAN_GetProtocolStatus
                0x08015528       0xa0 ./Drivers/STM32H5xx_HAL_Driver/Src/stm32h5xx_hal_fdcan.o
                0x08015528                HAL_FDCAN_GetProtocolStatus
 .text.HAL_FDCAN_GetRxFifoFillLevel
                0x080155c8       0x3c ./Drivers/STM32H5xx_HAL_Driver/Src/stm32h5xx_hal_fdcan.o
                0x080155c8                HAL_FDCAN_GetRxFifoFillLevel
 .text.HAL_FDCAN_GetTxFifoFreeLevel
                0x08015604       0x24 ./Drivers/STM32H5xx_HAL_Driver/Src/stm32h5xx_hal_fdcan.o
                0x08015604                HAL_FDCAN_GetTxFifoFreeLevel
 .text.HAL_FDCAN_ActivateNotification
                0x08015628      0x1cc ./Drivers/STM32H5xx_HAL_Driver/Src/stm32h5xx_hal_fdcan.o
                0x08015628                HAL_FDCAN_ActivateNotification
 .text.HAL_FDCAN_IRQHandler
                0x080157f4      0x266 ./Drivers/STM32H5xx_HAL_Driver/Src/stm32h5xx_hal_fdcan.o
                0x080157f4                HAL_FDCAN_IRQHandler
 .text.HAL_FDCAN_TxEventFifoCallback
                0x08015a5a       0x16 ./Drivers/STM32H5xx_HAL_Driver/Src/stm32h5xx_hal_fdcan.o
                0x08015a5a                HAL_FDCAN_TxEventFifoCallback
 .text.HAL_FDCAN_RxFifo1Callback
                0x08015a70       0x16 ./Drivers/STM32H5xx_HAL_Driver/Src/stm32h5xx_hal_fdcan.o
                0x08015a70                HAL_FDCAN_RxFifo1Callback
 .text.HAL_FDCAN_TxFifoEmptyCallback
                0x08015a86       0x14 ./Drivers/STM32H5xx_HAL_Driver/Src/stm32h5xx_hal_fdcan.o
                0x08015a86                HAL_FDCAN_TxFifoEmptyCallback
 .text.HAL_FDCAN_TxBufferCompleteCallback
                0x08015a9a       0x16 ./Drivers/STM32H5xx_HAL_Driver/Src/stm32h5xx_hal_fdcan.o
                0x08015a9a                HAL_FDCAN_TxBufferCompleteCallback
 .text.HAL_FDCAN_TxBufferAbortCallback
                0x08015ab0       0x16 ./Drivers/STM32H5xx_HAL_Driver/Src/stm32h5xx_hal_fdcan.o
                0x08015ab0                HAL_FDCAN_TxBufferAbortCallback
 .text.HAL_FDCAN_TimestampWraparoundCallback
                0x08015ac6       0x14 ./Drivers/STM32H5xx_HAL_Driver/Src/stm32h5xx_hal_fdcan.o
                0x08015ac6                HAL_FDCAN_TimestampWraparoundCallback
 .text.HAL_FDCAN_TimeoutOccurredCallback
                0x08015ada       0x14 ./Drivers/STM32H5xx_HAL_Driver/Src/stm32h5xx_hal_fdcan.o
                0x08015ada                HAL_FDCAN_TimeoutOccurredCallback
 .text.HAL_FDCAN_HighPriorityMessageCallback
                0x08015aee       0x14 ./Drivers/STM32H5xx_HAL_Driver/Src/stm32h5xx_hal_fdcan.o
                0x08015aee                HAL_FDCAN_HighPriorityMessageCallback
 .text.HAL_FDCAN_ErrorCallback
                0x08015b02       0x14 ./Drivers/STM32H5xx_HAL_Driver/Src/stm32h5xx_hal_fdcan.o
                0x08015b02                HAL_FDCAN_ErrorCallback
 *fill*         0x08015b16        0x2 
 .text.FDCAN_CalcultateRamBlockAddresses
                0x08015b18       0xc4 ./Drivers/STM32H5xx_HAL_Driver/Src/stm32h5xx_hal_fdcan.o
 .text.FDCAN_CopyMessageToRAM
                0x08015bdc       0xf8 ./Drivers/STM32H5xx_HAL_Driver/Src/stm32h5xx_hal_fdcan.o
 .text.HAL_FLASH_Program
                0x08015cd4       0xf0 ./Drivers/STM32H5xx_HAL_Driver/Src/stm32h5xx_hal_flash.o
                0x08015cd4                HAL_FLASH_Program
 .text.HAL_FLASH_Unlock
                0x08015dc4       0x4c ./Drivers/STM32H5xx_HAL_Driver/Src/stm32h5xx_hal_flash.o
                0x08015dc4                HAL_FLASH_Unlock
 .text.HAL_FLASH_Lock
                0x08015e10       0x38 ./Drivers/STM32H5xx_HAL_Driver/Src/stm32h5xx_hal_flash.o
                0x08015e10                HAL_FLASH_Lock
 .text.FLASH_WaitForLastOperation
                0x08015e48       0x9c ./Drivers/STM32H5xx_HAL_Driver/Src/stm32h5xx_hal_flash.o
                0x08015e48                FLASH_WaitForLastOperation
 .text.FLASH_Program_QuadWord
                0x08015ee4       0x78 ./Drivers/STM32H5xx_HAL_Driver/Src/stm32h5xx_hal_flash.o
 .text.FLASH_Program_QuadWord_OBK
                0x08015f5c       0x98 ./Drivers/STM32H5xx_HAL_Driver/Src/stm32h5xx_hal_flash.o
 .text.FLASH_Program_HalfWord
                0x08015ff4       0x34 ./Drivers/STM32H5xx_HAL_Driver/Src/stm32h5xx_hal_flash.o
 .text.FLASH_Program_Word
                0x08016028       0x34 ./Drivers/STM32H5xx_HAL_Driver/Src/stm32h5xx_hal_flash.o
 .text.HAL_FLASHEx_Erase
                0x0801605c      0x100 ./Drivers/STM32H5xx_HAL_Driver/Src/stm32h5xx_hal_flash_ex.o
                0x0801605c                HAL_FLASHEx_Erase
 .text.FLASH_MassErase
                0x0801615c       0x70 ./Drivers/STM32H5xx_HAL_Driver/Src/stm32h5xx_hal_flash_ex.o
 .text.FLASH_Erase_Sector
                0x080161cc       0x70 ./Drivers/STM32H5xx_HAL_Driver/Src/stm32h5xx_hal_flash_ex.o
                0x080161cc                FLASH_Erase_Sector
 .text.FLASH_OBKErase
                0x0801623c       0x28 ./Drivers/STM32H5xx_HAL_Driver/Src/stm32h5xx_hal_flash_ex.o
 .text.HAL_GPIO_Init
                0x08016264      0x2bc ./Drivers/STM32H5xx_HAL_Driver/Src/stm32h5xx_hal_gpio.o
                0x08016264                HAL_GPIO_Init
 .text.HAL_GPIO_WritePin
                0x08016520       0x30 ./Drivers/STM32H5xx_HAL_Driver/Src/stm32h5xx_hal_gpio.o
                0x08016520                HAL_GPIO_WritePin
 .text.HAL_GPIO_TogglePin
                0x08016550       0x34 ./Drivers/STM32H5xx_HAL_Driver/Src/stm32h5xx_hal_gpio.o
                0x08016550                HAL_GPIO_TogglePin
 .text.HAL_RCC_OscConfig
                0x08016584      0x870 ./Drivers/STM32H5xx_HAL_Driver/Src/stm32h5xx_hal_rcc.o
                0x08016584                HAL_RCC_OscConfig
 .text.HAL_RCC_ClockConfig
                0x08016df4      0x370 ./Drivers/STM32H5xx_HAL_Driver/Src/stm32h5xx_hal_rcc.o
                0x08016df4                HAL_RCC_ClockConfig
 .text.HAL_RCC_GetSysClockFreq
                0x08017164      0x258 ./Drivers/STM32H5xx_HAL_Driver/Src/stm32h5xx_hal_rcc.o
                0x08017164                HAL_RCC_GetSysClockFreq
 .text.HAL_RCC_GetHCLKFreq
                0x080173bc       0x38 ./Drivers/STM32H5xx_HAL_Driver/Src/stm32h5xx_hal_rcc.o
                0x080173bc                HAL_RCC_GetHCLKFreq
 .text.HAL_RCCEx_PeriphCLKConfig
                0x080173f4     0x1380 ./Drivers/STM32H5xx_HAL_Driver/Src/stm32h5xx_hal_rcc_ex.o
                0x080173f4                HAL_RCCEx_PeriphCLKConfig
 .text.RCCEx_PLL2_Config
                0x08018774      0x130 ./Drivers/STM32H5xx_HAL_Driver/Src/stm32h5xx_hal_rcc_ex.o
 .text.RCCEx_PLL3_Config
                0x080188a4      0x130 ./Drivers/STM32H5xx_HAL_Driver/Src/stm32h5xx_hal_rcc_ex.o
 .text.HAL_TIM_Base_Init
                0x080189d4       0xae ./Drivers/STM32H5xx_HAL_Driver/Src/stm32h5xx_hal_tim.o
                0x080189d4                HAL_TIM_Base_Init
 .text.HAL_TIM_PWM_Init
                0x08018a82       0xae ./Drivers/STM32H5xx_HAL_Driver/Src/stm32h5xx_hal_tim.o
                0x08018a82                HAL_TIM_PWM_Init
 .text.HAL_TIM_PWM_MspInit
                0x08018b30       0x14 ./Drivers/STM32H5xx_HAL_Driver/Src/stm32h5xx_hal_tim.o
                0x08018b30                HAL_TIM_PWM_MspInit
 .text.HAL_TIM_PWM_Start
                0x08018b44      0x288 ./Drivers/STM32H5xx_HAL_Driver/Src/stm32h5xx_hal_tim.o
                0x08018b44                HAL_TIM_PWM_Start
 .text.HAL_TIM_PWM_Stop
                0x08018dcc      0x138 ./Drivers/STM32H5xx_HAL_Driver/Src/stm32h5xx_hal_tim.o
                0x08018dcc                HAL_TIM_PWM_Stop
 .text.HAL_TIM_PWM_ConfigChannel
                0x08018f04      0x228 ./Drivers/STM32H5xx_HAL_Driver/Src/stm32h5xx_hal_tim.o
                0x08018f04                HAL_TIM_PWM_ConfigChannel
 .text.HAL_TIM_ConfigClockSource
                0x0801912c      0x23c ./Drivers/STM32H5xx_HAL_Driver/Src/stm32h5xx_hal_tim.o
                0x0801912c                HAL_TIM_ConfigClockSource
 .text.TIM_Base_SetConfig
                0x08019368      0x1d4 ./Drivers/STM32H5xx_HAL_Driver/Src/stm32h5xx_hal_tim.o
                0x08019368                TIM_Base_SetConfig
 .text.TIM_OC1_SetConfig
                0x0801953c      0x134 ./Drivers/STM32H5xx_HAL_Driver/Src/stm32h5xx_hal_tim.o
 .text.TIM_OC2_SetConfig
                0x08019670      0x130 ./Drivers/STM32H5xx_HAL_Driver/Src/stm32h5xx_hal_tim.o
                0x08019670                TIM_OC2_SetConfig
 .text.TIM_OC3_SetConfig
                0x080197a0      0x12c ./Drivers/STM32H5xx_HAL_Driver/Src/stm32h5xx_hal_tim.o
 .text.TIM_OC4_SetConfig
                0x080198cc      0x130 ./Drivers/STM32H5xx_HAL_Driver/Src/stm32h5xx_hal_tim.o
 .text.TIM_OC5_SetConfig
                0x080199fc       0xd4 ./Drivers/STM32H5xx_HAL_Driver/Src/stm32h5xx_hal_tim.o
 .text.TIM_OC6_SetConfig
                0x08019ad0       0xd8 ./Drivers/STM32H5xx_HAL_Driver/Src/stm32h5xx_hal_tim.o
 .text.TIM_TI1_ConfigInputStage
                0x08019ba8       0x5e ./Drivers/STM32H5xx_HAL_Driver/Src/stm32h5xx_hal_tim.o
 .text.TIM_TI2_ConfigInputStage
                0x08019c06       0x60 ./Drivers/STM32H5xx_HAL_Driver/Src/stm32h5xx_hal_tim.o
 .text.TIM_ITRx_SetConfig
                0x08019c66       0x3a ./Drivers/STM32H5xx_HAL_Driver/Src/stm32h5xx_hal_tim.o
 .text.TIM_ETR_SetConfig
                0x08019ca0       0x40 ./Drivers/STM32H5xx_HAL_Driver/Src/stm32h5xx_hal_tim.o
                0x08019ca0                TIM_ETR_SetConfig
 .text.TIM_CCxChannelCmd
                0x08019ce0       0x4a ./Drivers/STM32H5xx_HAL_Driver/Src/stm32h5xx_hal_tim.o
                0x08019ce0                TIM_CCxChannelCmd
 *fill*         0x08019d2a        0x2 
 .text.HAL_TIMEx_MasterConfigSynchronization
                0x08019d2c      0x1a0 ./Drivers/STM32H5xx_HAL_Driver/Src/stm32h5xx_hal_tim_ex.o
                0x08019d2c                HAL_TIMEx_MasterConfigSynchronization
 .text._ZN7VDevice5GetDTEv
                0x08019ecc       0x16 C:\Users\79099\STM32CubeIDE\workspace_1.13.2\device_lib\Debug\libdevice_lib.a(.)
                0x08019ecc                VDevice::GetDT()
 .text._ZNK10VDeviceDPT12GetLineStateEv
                0x08019ee2       0x1a C:\Users\79099\STM32CubeIDE\workspace_1.13.2\device_lib\Debug\libdevice_lib.a(./src/device_button.o)
                0x08019ee2                VDeviceDPT::GetLineState() const
 .text._ZN14VDeviceIgniter5GetDTEv
                0x08019efc       0x16 C:\Users\79099\STM32CubeIDE\workspace_1.13.2\device_lib\Debug\libdevice_lib.a(./src/device_igniter.o)
                0x08019efc                VDeviceIgniter::GetDT()
 .text._ZNK10__cxxabiv117__class_type_info11__do_upcastEPKS0_PPv
                0x08019f12       0x32 C:/ST/STM32CubeIDE_1.13.2/STM32CubeIDE/plugins/com.st.stm32cube.ide.mcu.externaltools.gnu-tools-for-stm32.13.3.rel1.win32_1.0.0.202411081344/tools/bin/../lib/gcc/arm-none-eabi/13.3.1/../../../../arm-none-eabi/lib/thumb/v8-m.main+fp/hard\libstdc++_nano.a(class_type_info.o)
                0x08019f12                __cxxabiv1::__class_type_info::__do_upcast(__cxxabiv1::__class_type_info const*, void**) const
 .text._ZNK10__cxxabiv117__class_type_info20__do_find_public_srcEiPKvPKS0_S2_
                0x08019f44        0xc C:/ST/STM32CubeIDE_1.13.2/STM32CubeIDE/plugins/com.st.stm32cube.ide.mcu.externaltools.gnu-tools-for-stm32.13.3.rel1.win32_1.0.0.202411081344/tools/bin/../lib/gcc/arm-none-eabi/13.3.1/../../../../arm-none-eabi/lib/thumb/v8-m.main+fp/hard\libstdc++_nano.a(class_type_info.o)
                0x08019f44                __cxxabiv1::__class_type_info::__do_find_public_src(int, void const*, __cxxabiv1::__class_type_info const*, void const*) const
 .text._ZN10__cxxabiv117__class_type_infoD2Ev
                0x08019f50       0x14 C:/ST/STM32CubeIDE_1.13.2/STM32CubeIDE/plugins/com.st.stm32cube.ide.mcu.externaltools.gnu-tools-for-stm32.13.3.rel1.win32_1.0.0.202411081344/tools/bin/../lib/gcc/arm-none-eabi/13.3.1/../../../../arm-none-eabi/lib/thumb/v8-m.main+fp/hard\libstdc++_nano.a(class_type_info.o)
                0x08019f50                __cxxabiv1::__class_type_info::~__class_type_info()
                0x08019f50                __cxxabiv1::__class_type_info::~__class_type_info()
 .text._ZN10__cxxabiv117__class_type_infoD0Ev
                0x08019f64       0x14 C:/ST/STM32CubeIDE_1.13.2/STM32CubeIDE/plugins/com.st.stm32cube.ide.mcu.externaltools.gnu-tools-for-stm32.13.3.rel1.win32_1.0.0.202411081344/tools/bin/../lib/gcc/arm-none-eabi/13.3.1/../../../../arm-none-eabi/lib/thumb/v8-m.main+fp/hard\libstdc++_nano.a(class_type_info.o)
                0x08019f64                __cxxabiv1::__class_type_info::~__class_type_info()
 .text._ZNK10__cxxabiv117__class_type_info12__do_dyncastEiNS0_10__sub_kindEPKS0_PKvS3_S5_RNS0_16__dyncast_resultE
                0x08019f78       0x3e C:/ST/STM32CubeIDE_1.13.2/STM32CubeIDE/plugins/com.st.stm32cube.ide.mcu.externaltools.gnu-tools-for-stm32.13.3.rel1.win32_1.0.0.202411081344/tools/bin/../lib/gcc/arm-none-eabi/13.3.1/../../../../arm-none-eabi/lib/thumb/v8-m.main+fp/hard\libstdc++_nano.a(class_type_info.o)
                0x08019f78                __cxxabiv1::__class_type_info::__do_dyncast(int, __cxxabiv1::__class_type_info::__sub_kind, __cxxabiv1::__class_type_info const*, void const*, __cxxabiv1::__class_type_info const*, void const*, __cxxabiv1::__class_type_info::__dyncast_result&) const
 .text._ZNK10__cxxabiv117__class_type_info11__do_upcastEPKS0_PKvRNS0_15__upcast_resultE
                0x08019fb6       0x18 C:/ST/STM32CubeIDE_1.13.2/STM32CubeIDE/plugins/com.st.stm32cube.ide.mcu.externaltools.gnu-tools-for-stm32.13.3.rel1.win32_1.0.0.202411081344/tools/bin/../lib/gcc/arm-none-eabi/13.3.1/../../../../arm-none-eabi/lib/thumb/v8-m.main+fp/hard\libstdc++_nano.a(class_type_info.o)
                0x08019fb6                __cxxabiv1::__class_type_info::__do_upcast(__cxxabiv1::__class_type_info const*, void const*, __cxxabiv1::__class_type_info::__upcast_result&) const
 .text._ZNK10__cxxabiv117__class_type_info10__do_catchEPKSt9type_infoPPvj
                0x08019fce       0x2a C:/ST/STM32CubeIDE_1.13.2/STM32CubeIDE/plugins/com.st.stm32cube.ide.mcu.externaltools.gnu-tools-for-stm32.13.3.rel1.win32_1.0.0.202411081344/tools/bin/../lib/gcc/arm-none-eabi/13.3.1/../../../../arm-none-eabi/lib/thumb/v8-m.main+fp/hard\libstdc++_nano.a(class_type_info.o)
                0x08019fce                __cxxabiv1::__class_type_info::__do_catch(std::type_info const*, void**, unsigned int) const
 .text._ZdlPvj  0x08019ff8        0x4 C:/ST/STM32CubeIDE_1.13.2/STM32CubeIDE/plugins/com.st.stm32cube.ide.mcu.externaltools.gnu-tools-for-stm32.13.3.rel1.win32_1.0.0.202411081344/tools/bin/../lib/gcc/arm-none-eabi/13.3.1/../../../../arm-none-eabi/lib/thumb/v8-m.main+fp/hard\libstdc++_nano.a(del_ops.o)
                0x08019ff8                operator delete(void*, unsigned int)
 .text._ZN10__cxxabiv120__si_class_type_infoD2Ev
                0x08019ffc       0x14 C:/ST/STM32CubeIDE_1.13.2/STM32CubeIDE/plugins/com.st.stm32cube.ide.mcu.externaltools.gnu-tools-for-stm32.13.3.rel1.win32_1.0.0.202411081344/tools/bin/../lib/gcc/arm-none-eabi/13.3.1/../../../../arm-none-eabi/lib/thumb/v8-m.main+fp/hard\libstdc++_nano.a(si_class_type_info.o)
                0x08019ffc                __cxxabiv1::__si_class_type_info::~__si_class_type_info()
                0x08019ffc                __cxxabiv1::__si_class_type_info::~__si_class_type_info()
 .text._ZN10__cxxabiv120__si_class_type_infoD0Ev
                0x0801a010       0x14 C:/ST/STM32CubeIDE_1.13.2/STM32CubeIDE/plugins/com.st.stm32cube.ide.mcu.externaltools.gnu-tools-for-stm32.13.3.rel1.win32_1.0.0.202411081344/tools/bin/../lib/gcc/arm-none-eabi/13.3.1/../../../../arm-none-eabi/lib/thumb/v8-m.main+fp/hard\libstdc++_nano.a(si_class_type_info.o)
                0x0801a010                __cxxabiv1::__si_class_type_info::~__si_class_type_info()
 .text._ZNK10__cxxabiv120__si_class_type_info20__do_find_public_srcEiPKvPKNS_17__class_type_infoES2_
                0x0801a024       0x3c C:/ST/STM32CubeIDE_1.13.2/STM32CubeIDE/plugins/com.st.stm32cube.ide.mcu.externaltools.gnu-tools-for-stm32.13.3.rel1.win32_1.0.0.202411081344/tools/bin/../lib/gcc/arm-none-eabi/13.3.1/../../../../arm-none-eabi/lib/thumb/v8-m.main+fp/hard\libstdc++_nano.a(si_class_type_info.o)
                0x0801a024                __cxxabiv1::__si_class_type_info::__do_find_public_src(int, void const*, __cxxabiv1::__class_type_info const*, void const*) const
 .text._ZNK10__cxxabiv120__si_class_type_info12__do_dyncastEiNS_17__class_type_info10__sub_kindEPKS1_PKvS4_S6_RNS1_16__dyncast_resultE
                0x0801a060       0x74 C:/ST/STM32CubeIDE_1.13.2/STM32CubeIDE/plugins/com.st.stm32cube.ide.mcu.externaltools.gnu-tools-for-stm32.13.3.rel1.win32_1.0.0.202411081344/tools/bin/../lib/gcc/arm-none-eabi/13.3.1/../../../../arm-none-eabi/lib/thumb/v8-m.main+fp/hard\libstdc++_nano.a(si_class_type_info.o)
                0x0801a060                __cxxabiv1::__si_class_type_info::__do_dyncast(int, __cxxabiv1::__class_type_info::__sub_kind, __cxxabiv1::__class_type_info const*, void const*, __cxxabiv1::__class_type_info const*, void const*, __cxxabiv1::__class_type_info::__dyncast_result&) const
 .text._ZNK10__cxxabiv120__si_class_type_info11__do_upcastEPKNS_17__class_type_infoEPKvRNS1_15__upcast_resultE
                0x0801a0d4       0x2a C:/ST/STM32CubeIDE_1.13.2/STM32CubeIDE/plugins/com.st.stm32cube.ide.mcu.externaltools.gnu-tools-for-stm32.13.3.rel1.win32_1.0.0.202411081344/tools/bin/../lib/gcc/arm-none-eabi/13.3.1/../../../../arm-none-eabi/lib/thumb/v8-m.main+fp/hard\libstdc++_nano.a(si_class_type_info.o)
                0x0801a0d4                __cxxabiv1::__si_class_type_info::__do_upcast(__cxxabiv1::__class_type_info const*, void const*, __cxxabiv1::__class_type_info::__upcast_result&) const
 .text._ZNSt9type_infoD2Ev
                0x0801a0fe        0x2 C:/ST/STM32CubeIDE_1.13.2/STM32CubeIDE/plugins/com.st.stm32cube.ide.mcu.externaltools.gnu-tools-for-stm32.13.3.rel1.win32_1.0.0.202411081344/tools/bin/../lib/gcc/arm-none-eabi/13.3.1/../../../../arm-none-eabi/lib/thumb/v8-m.main+fp/hard\libstdc++_nano.a(tinfo.o)
                0x0801a0fe                std::type_info::~type_info()
                0x0801a0fe                std::type_info::~type_info()
 .text._ZNKSt9type_info14__is_pointer_pEv
                0x0801a100        0x4 C:/ST/STM32CubeIDE_1.13.2/STM32CubeIDE/plugins/com.st.stm32cube.ide.mcu.externaltools.gnu-tools-for-stm32.13.3.rel1.win32_1.0.0.202411081344/tools/bin/../lib/gcc/arm-none-eabi/13.3.1/../../../../arm-none-eabi/lib/thumb/v8-m.main+fp/hard\libstdc++_nano.a(tinfo.o)
                0x0801a100                std::type_info::__is_pointer_p() const
                0x0801a100                std::type_info::__is_function_p() const
 .text._ZNKSt9type_infoeqERKS_
                0x0801a104       0x2c C:/ST/STM32CubeIDE_1.13.2/STM32CubeIDE/plugins/com.st.stm32cube.ide.mcu.externaltools.gnu-tools-for-stm32.13.3.rel1.win32_1.0.0.202411081344/tools/bin/../lib/gcc/arm-none-eabi/13.3.1/../../../../arm-none-eabi/lib/thumb/v8-m.main+fp/hard\libstdc++_nano.a(tinfo.o)
                0x0801a104                std::type_info::operator==(std::type_info const&) const
                0x0801a104                std::type_info::__equal(std::type_info const&) const
 .text._ZdlPv   0x0801a130        0x4 C:/ST/STM32CubeIDE_1.13.2/STM32CubeIDE/plugins/com.st.stm32cube.ide.mcu.externaltools.gnu-tools-for-stm32.13.3.rel1.win32_1.0.0.202411081344/tools/bin/../lib/gcc/arm-none-eabi/13.3.1/../../../../arm-none-eabi/lib/thumb/v8-m.main+fp/hard\libstdc++_nano.a(del_op.o)
                0x0801a130                operator delete(void*)
 .text.free     0x0801a134       0x10 C:/ST/STM32CubeIDE_1.13.2/STM32CubeIDE/plugins/com.st.stm32cube.ide.mcu.externaltools.gnu-tools-for-stm32.13.3.rel1.win32_1.0.0.202411081344/tools/bin/../lib/gcc/arm-none-eabi/13.3.1/../../../../arm-none-eabi/lib/thumb/v8-m.main+fp/hard\libc_nano.a(libc_a-malloc.o)
                0x0801a134                free
 .text.__malloc_lock
                0x0801a144        0xc C:/ST/STM32CubeIDE_1.13.2/STM32CubeIDE/plugins/com.st.stm32cube.ide.mcu.externaltools.gnu-tools-for-stm32.13.3.rel1.win32_1.0.0.202411081344/tools/bin/../lib/gcc/arm-none-eabi/13.3.1/../../../../arm-none-eabi/lib/thumb/v8-m.main+fp/hard\libc_nano.a(libc_a-mlock.o)
                0x0801a144                __malloc_lock
 .text.__malloc_unlock
                0x0801a150        0xc C:/ST/STM32CubeIDE_1.13.2/STM32CubeIDE/plugins/com.st.stm32cube.ide.mcu.externaltools.gnu-tools-for-stm32.13.3.rel1.win32_1.0.0.202411081344/tools/bin/../lib/gcc/arm-none-eabi/13.3.1/../../../../arm-none-eabi/lib/thumb/v8-m.main+fp/hard\libc_nano.a(libc_a-mlock.o)
                0x0801a150                __malloc_unlock
 .text.memset   0x0801a15c       0x10 C:/ST/STM32CubeIDE_1.13.2/STM32CubeIDE/plugins/com.st.stm32cube.ide.mcu.externaltools.gnu-tools-for-stm32.13.3.rel1.win32_1.0.0.202411081344/tools/bin/../lib/gcc/arm-none-eabi/13.3.1/../../../../arm-none-eabi/lib/thumb/v8-m.main+fp/hard\libc_nano.a(libc_a-memset.o)
                0x0801a15c                memset
 .text.__errno  0x0801a16c        0xc C:/ST/STM32CubeIDE_1.13.2/STM32CubeIDE/plugins/com.st.stm32cube.ide.mcu.externaltools.gnu-tools-for-stm32.13.3.rel1.win32_1.0.0.202411081344/tools/bin/../lib/gcc/arm-none-eabi/13.3.1/../../../../arm-none-eabi/lib/thumb/v8-m.main+fp/hard\libc_nano.a(libc_a-errno.o)
                0x0801a16c                __errno
 .text.__libc_init_array
                0x0801a178       0x48 C:/ST/STM32CubeIDE_1.13.2/STM32CubeIDE/plugins/com.st.stm32cube.ide.mcu.externaltools.gnu-tools-for-stm32.13.3.rel1.win32_1.0.0.202411081344/tools/bin/../lib/gcc/arm-none-eabi/13.3.1/../../../../arm-none-eabi/lib/thumb/v8-m.main+fp/hard\libc_nano.a(libc_a-init.o)
                0x0801a178                __libc_init_array
 .text.__retarget_lock_acquire_recursive
                0x0801a1c0        0x2 C:/ST/STM32CubeIDE_1.13.2/STM32CubeIDE/plugins/com.st.stm32cube.ide.mcu.externaltools.gnu-tools-for-stm32.13.3.rel1.win32_1.0.0.202411081344/tools/bin/../lib/gcc/arm-none-eabi/13.3.1/../../../../arm-none-eabi/lib/thumb/v8-m.main+fp/hard\libc_nano.a(libc_a-lock.o)
                0x0801a1c0                __retarget_lock_acquire_recursive
 .text.__retarget_lock_release_recursive
                0x0801a1c2        0x2 C:/ST/STM32CubeIDE_1.13.2/STM32CubeIDE/plugins/com.st.stm32cube.ide.mcu.externaltools.gnu-tools-for-stm32.13.3.rel1.win32_1.0.0.202411081344/tools/bin/../lib/gcc/arm-none-eabi/13.3.1/../../../../arm-none-eabi/lib/thumb/v8-m.main+fp/hard\libc_nano.a(libc_a-lock.o)
                0x0801a1c2                __retarget_lock_release_recursive
 .text.memcpy   0x0801a1c4       0x1a C:/ST/STM32CubeIDE_1.13.2/STM32CubeIDE/plugins/com.st.stm32cube.ide.mcu.externaltools.gnu-tools-for-stm32.13.3.rel1.win32_1.0.0.202411081344/tools/bin/../lib/gcc/arm-none-eabi/13.3.1/../../../../arm-none-eabi/lib/thumb/v8-m.main+fp/hard\libc_nano.a(libc_a-memcpy-stub.o)
                0x0801a1c4                memcpy
 *fill*         0x0801a1de        0x2 
 .text._free_r  0x0801a1e0       0x94 C:/ST/STM32CubeIDE_1.13.2/STM32CubeIDE/plugins/com.st.stm32cube.ide.mcu.externaltools.gnu-tools-for-stm32.13.3.rel1.win32_1.0.0.202411081344/tools/bin/../lib/gcc/arm-none-eabi/13.3.1/../../../../arm-none-eabi/lib/thumb/v8-m.main+fp/hard\libc_nano.a(libc_a-freer.o)
                0x0801a1e0                _free_r
 .text.abort    0x0801a274        0xe C:/ST/STM32CubeIDE_1.13.2/STM32CubeIDE/plugins/com.st.stm32cube.ide.mcu.externaltools.gnu-tools-for-stm32.13.3.rel1.win32_1.0.0.202411081344/tools/bin/../lib/gcc/arm-none-eabi/13.3.1/../../../../arm-none-eabi/lib/thumb/v8-m.main+fp/hard\libc_nano.a(libc_a-abort.o)
                0x0801a274                abort
 .text._raise_r
                0x0801a282       0x50 C:/ST/STM32CubeIDE_1.13.2/STM32CubeIDE/plugins/com.st.stm32cube.ide.mcu.externaltools.gnu-tools-for-stm32.13.3.rel1.win32_1.0.0.202411081344/tools/bin/../lib/gcc/arm-none-eabi/13.3.1/../../../../arm-none-eabi/lib/thumb/v8-m.main+fp/hard\libc_nano.a(libc_a-signal.o)
                0x0801a282                _raise_r
 *fill*         0x0801a2d2        0x2 
 .text.raise    0x0801a2d4       0x10 C:/ST/STM32CubeIDE_1.13.2/STM32CubeIDE/plugins/com.st.stm32cube.ide.mcu.externaltools.gnu-tools-for-stm32.13.3.rel1.win32_1.0.0.202411081344/tools/bin/../lib/gcc/arm-none-eabi/13.3.1/../../../../arm-none-eabi/lib/thumb/v8-m.main+fp/hard\libc_nano.a(libc_a-signal.o)
                0x0801a2d4                raise
 .text._kill_r  0x0801a2e4       0x24 C:/ST/STM32CubeIDE_1.13.2/STM32CubeIDE/plugins/com.st.stm32cube.ide.mcu.externaltools.gnu-tools-for-stm32.13.3.rel1.win32_1.0.0.202411081344/tools/bin/../lib/gcc/arm-none-eabi/13.3.1/../../../../arm-none-eabi/lib/thumb/v8-m.main+fp/hard\libc_nano.a(libc_a-signalr.o)
                0x0801a2e4                _kill_r
 .text._getpid_r
                0x0801a308        0x4 C:/ST/STM32CubeIDE_1.13.2/STM32CubeIDE/plugins/com.st.stm32cube.ide.mcu.externaltools.gnu-tools-for-stm32.13.3.rel1.win32_1.0.0.202411081344/tools/bin/../lib/gcc/arm-none-eabi/13.3.1/../../../../arm-none-eabi/lib/thumb/v8-m.main+fp/hard\libc_nano.a(libc_a-signalr.o)
                0x0801a308                _getpid_r
 *(.glue_7)
 .glue_7        0x0801a30c        0x0 linker stubs
 *(.glue_7t)
 .glue_7t       0x0801a30c        0x0 linker stubs
 *(.eh_frame)
 .eh_frame      0x0801a30c        0x0 C:/ST/STM32CubeIDE_1.13.2/STM32CubeIDE/plugins/com.st.stm32cube.ide.mcu.externaltools.gnu-tools-for-stm32.13.3.rel1.win32_1.0.0.202411081344/tools/bin/../lib/gcc/arm-none-eabi/13.3.1/thumb/v8-m.main+fp/hard/crtbegin.o
 *(.init)
 .init          0x0801a30c        0x4 C:/ST/STM32CubeIDE_1.13.2/STM32CubeIDE/plugins/com.st.stm32cube.ide.mcu.externaltools.gnu-tools-for-stm32.13.3.rel1.win32_1.0.0.202411081344/tools/bin/../lib/gcc/arm-none-eabi/13.3.1/thumb/v8-m.main+fp/hard/crti.o
                0x0801a30c                _init
 .init          0x0801a310        0x8 C:/ST/STM32CubeIDE_1.13.2/STM32CubeIDE/plugins/com.st.stm32cube.ide.mcu.externaltools.gnu-tools-for-stm32.13.3.rel1.win32_1.0.0.202411081344/tools/bin/../lib/gcc/arm-none-eabi/13.3.1/thumb/v8-m.main+fp/hard/crtn.o
 *(.fini)
 .fini          0x0801a318        0x4 C:/ST/STM32CubeIDE_1.13.2/STM32CubeIDE/plugins/com.st.stm32cube.ide.mcu.externaltools.gnu-tools-for-stm32.13.3.rel1.win32_1.0.0.202411081344/tools/bin/../lib/gcc/arm-none-eabi/13.3.1/thumb/v8-m.main+fp/hard/crti.o
                0x0801a318                _fini
 .fini          0x0801a31c        0x8 C:/ST/STM32CubeIDE_1.13.2/STM32CubeIDE/plugins/com.st.stm32cube.ide.mcu.externaltools.gnu-tools-for-stm32.13.3.rel1.win32_1.0.0.202411081344/tools/bin/../lib/gcc/arm-none-eabi/13.3.1/thumb/v8-m.main+fp/hard/crtn.o
                0x0801a324                        . = ALIGN (0x4)
                0x0801a324                        _etext = .

.vfp11_veneer   0x0801a324        0x0
 .vfp11_veneer  0x0801a324        0x0 linker stubs

.v4_bx          0x0801a324        0x0
 .v4_bx         0x0801a324        0x0 linker stubs

.iplt           0x0801a324        0x0
 .iplt          0x0801a324        0x0 C:/ST/STM32CubeIDE_1.13.2/STM32CubeIDE/plugins/com.st.stm32cube.ide.mcu.externaltools.gnu-tools-for-stm32.13.3.rel1.win32_1.0.0.202411081344/tools/bin/../lib/gcc/arm-none-eabi/13.3.1/thumb/v8-m.main+fp/hard/crtbegin.o

.rodata         0x0801a324      0x290
                0x0801a324                        . = ALIGN (0x4)
 *(.rodata)
 .rodata        0x0801a324       0x18 C:\Users\79099\STM32CubeIDE\workspace_1.13.2\device_lib\Debug\libdevice_lib.a(.)
 .rodata        0x0801a33c       0x39 C:\Users\79099\STM32CubeIDE\workspace_1.13.2\device_lib\Debug\libdevice_lib.a(.)
                0x0801a33c                vtable for VDevice
                0x0801a364                typeinfo for VDevice
                0x0801a36c                typeinfo name for VDevice
 *fill*         0x0801a375        0x3 
 .rodata        0x0801a378       0x54 C:\Users\79099\STM32CubeIDE\workspace_1.13.2\device_lib\Debug\libdevice_lib.a(./src/device_button.o)
                0x0801a380                vtable for VDeviceButton
                0x0801a3b0                typeinfo for VDeviceButton
                0x0801a3bc                typeinfo name for VDeviceButton
 .rodata        0x0801a3cc       0x4d C:\Users\79099\STM32CubeIDE\workspace_1.13.2\device_lib\Debug\libdevice_lib.a(./src/device_dpt.o)
                0x0801a3d4                vtable for VDeviceDPT
                0x0801a400                typeinfo for VDeviceDPT
                0x0801a40c                typeinfo name for VDeviceDPT
 *fill*         0x0801a419        0x3 
 .rodata        0x0801a41c       0x4d C:\Users\79099\STM32CubeIDE\workspace_1.13.2\device_lib\Debug\libdevice_lib.a(./src/device_igniter.o)
                0x0801a424                vtable for VDeviceIgniter
                0x0801a44c                typeinfo for VDeviceIgniter
                0x0801a458                typeinfo name for VDeviceIgniter
 *fill*         0x0801a469        0x3 
 .rodata        0x0801a46c       0x51 C:\Users\79099\STM32CubeIDE\workspace_1.13.2\device_lib\Debug\libdevice_lib.a(./src/device_lswitch.o)
                0x0801a46c                vtable for VDeviceLimitSwitch
                0x0801a49c                typeinfo for VDeviceLimitSwitch
                0x0801a4a8                typeinfo name for VDeviceLimitSwitch
 *(.rodata*)
 *fill*         0x0801a4bd        0x3 
 .rodata.AHBPrescTable
                0x0801a4c0       0x10 ./Core/Src/system_stm32h5xx.o
                0x0801a4c0                AHBPrescTable
 .rodata.DLCtoBytes
                0x0801a4d0       0x10 ./Drivers/STM32H5xx_HAL_Driver/Src/stm32h5xx_hal_fdcan.o
 .rodata._ZTSN10__cxxabiv117__class_type_infoE
                0x0801a4e0       0x22 C:/ST/STM32CubeIDE_1.13.2/STM32CubeIDE/plugins/com.st.stm32cube.ide.mcu.externaltools.gnu-tools-for-stm32.13.3.rel1.win32_1.0.0.202411081344/tools/bin/../lib/gcc/arm-none-eabi/13.3.1/../../../../arm-none-eabi/lib/thumb/v8-m.main+fp/hard\libstdc++_nano.a(class_type_info.o)
                0x0801a4e0                typeinfo name for __cxxabiv1::__class_type_info
 *fill*         0x0801a502        0x2 
 .rodata._ZTIN10__cxxabiv117__class_type_infoE
                0x0801a504        0xc C:/ST/STM32CubeIDE_1.13.2/STM32CubeIDE/plugins/com.st.stm32cube.ide.mcu.externaltools.gnu-tools-for-stm32.13.3.rel1.win32_1.0.0.202411081344/tools/bin/../lib/gcc/arm-none-eabi/13.3.1/../../../../arm-none-eabi/lib/thumb/v8-m.main+fp/hard\libstdc++_nano.a(class_type_info.o)
                0x0801a504                typeinfo for __cxxabiv1::__class_type_info
 .rodata._ZTVN10__cxxabiv117__class_type_infoE
                0x0801a510       0x2c C:/ST/STM32CubeIDE_1.13.2/STM32CubeIDE/plugins/com.st.stm32cube.ide.mcu.externaltools.gnu-tools-for-stm32.13.3.rel1.win32_1.0.0.202411081344/tools/bin/../lib/gcc/arm-none-eabi/13.3.1/../../../../arm-none-eabi/lib/thumb/v8-m.main+fp/hard\libstdc++_nano.a(class_type_info.o)
                0x0801a510                vtable for __cxxabiv1::__class_type_info
 .rodata._ZTSN10__cxxabiv120__si_class_type_infoE
                0x0801a53c       0x25 C:/ST/STM32CubeIDE_1.13.2/STM32CubeIDE/plugins/com.st.stm32cube.ide.mcu.externaltools.gnu-tools-for-stm32.13.3.rel1.win32_1.0.0.202411081344/tools/bin/../lib/gcc/arm-none-eabi/13.3.1/../../../../arm-none-eabi/lib/thumb/v8-m.main+fp/hard\libstdc++_nano.a(si_class_type_info.o)
                0x0801a53c                typeinfo name for __cxxabiv1::__si_class_type_info
 *fill*         0x0801a561        0x3 
 .rodata._ZTIN10__cxxabiv120__si_class_type_infoE
                0x0801a564        0xc C:/ST/STM32CubeIDE_1.13.2/STM32CubeIDE/plugins/com.st.stm32cube.ide.mcu.externaltools.gnu-tools-for-stm32.13.3.rel1.win32_1.0.0.202411081344/tools/bin/../lib/gcc/arm-none-eabi/13.3.1/../../../../arm-none-eabi/lib/thumb/v8-m.main+fp/hard\libstdc++_nano.a(si_class_type_info.o)
                0x0801a564                typeinfo for __cxxabiv1::__si_class_type_info
 .rodata._ZTVN10__cxxabiv120__si_class_type_infoE
                0x0801a570       0x2c C:/ST/STM32CubeIDE_1.13.2/STM32CubeIDE/plugins/com.st.stm32cube.ide.mcu.externaltools.gnu-tools-for-stm32.13.3.rel1.win32_1.0.0.202411081344/tools/bin/../lib/gcc/arm-none-eabi/13.3.1/../../../../arm-none-eabi/lib/thumb/v8-m.main+fp/hard\libstdc++_nano.a(si_class_type_info.o)
                0x0801a570                vtable for __cxxabiv1::__si_class_type_info
 .rodata._ZTSSt9type_info
                0x0801a59c        0xd C:/ST/STM32CubeIDE_1.13.2/STM32CubeIDE/plugins/com.st.stm32cube.ide.mcu.externaltools.gnu-tools-for-stm32.13.3.rel1.win32_1.0.0.202411081344/tools/bin/../lib/gcc/arm-none-eabi/13.3.1/../../../../arm-none-eabi/lib/thumb/v8-m.main+fp/hard\libstdc++_nano.a(tinfo.o)
                0x0801a59c                typeinfo name for std::type_info
 *fill*         0x0801a5a9        0x3 
 .rodata._ZTISt9type_info
                0x0801a5ac        0x8 C:/ST/STM32CubeIDE_1.13.2/STM32CubeIDE/plugins/com.st.stm32cube.ide.mcu.externaltools.gnu-tools-for-stm32.13.3.rel1.win32_1.0.0.202411081344/tools/bin/../lib/gcc/arm-none-eabi/13.3.1/../../../../arm-none-eabi/lib/thumb/v8-m.main+fp/hard\libstdc++_nano.a(tinfo.o)
                0x0801a5ac                typeinfo for std::type_info
                0x0801a5b4                        . = ALIGN (0x4)

.ARM.extab      0x0801a5b4      0x168
                0x0801a5b4                        . = ALIGN (0x4)
 *(.ARM.extab* .gnu.linkonce.armextab.*)
 .ARM.extab.text._ZN7VDevice5GetDTEv
                0x0801a5b4        0x0 C:\Users\79099\STM32CubeIDE\workspace_1.13.2\device_lib\Debug\libdevice_lib.a(.)
 .ARM.extab.text._ZNK10VDeviceDPT12GetLineStateEv
                0x0801a5b4        0x0 C:\Users\79099\STM32CubeIDE\workspace_1.13.2\device_lib\Debug\libdevice_lib.a(./src/device_button.o)
 .ARM.extab     0x0801a5b4       0x3c C:\Users\79099\STM32CubeIDE\workspace_1.13.2\device_lib\Debug\libdevice_lib.a(./src/device_button.o)
 .ARM.extab     0x0801a5f0       0x84 C:\Users\79099\STM32CubeIDE\workspace_1.13.2\device_lib\Debug\libdevice_lib.a(./src/device_dpt.o)
 .ARM.extab.text._ZN14VDeviceIgniter5GetDTEv
                0x0801a674        0x0 C:\Users\79099\STM32CubeIDE\workspace_1.13.2\device_lib\Debug\libdevice_lib.a(./src/device_igniter.o)
 .ARM.extab     0x0801a674       0x84 C:\Users\79099\STM32CubeIDE\workspace_1.13.2\device_lib\Debug\libdevice_lib.a(./src/device_igniter.o)
 .ARM.extab     0x0801a6f8        0xc C:\Users\79099\STM32CubeIDE\workspace_1.13.2\device_lib\Debug\libdevice_lib.a(./src/device_lswitch.o)
 .ARM.extab     0x0801a704       0x18 C:/ST/STM32CubeIDE_1.13.2/STM32CubeIDE/plugins/com.st.stm32cube.ide.mcu.externaltools.gnu-tools-for-stm32.13.3.rel1.win32_1.0.0.202411081344/tools/bin/../lib/gcc/arm-none-eabi/13.3.1/thumb/v8-m.main+fp/hard\libgcc.a(pr-support.o)
                0x0801a71c                        . = ALIGN (0x4)

.ARM            0x0801a71c      0x1c8
                0x0801a71c                        . = ALIGN (0x4)
                0x0801a71c                        __exidx_start = .
 *(.ARM.exidx*)
 .ARM.exidx     0x0801a71c        0x8 C:\Users\79099\STM32CubeIDE\workspace_1.13.2\device_lib\Debug\libdevice_lib.a(.)
                                 0x48 (size before relaxing)
 .ARM.exidx     0x0801a724       0x38 C:\Users\79099\STM32CubeIDE\workspace_1.13.2\device_lib\Debug\libdevice_lib.a(./src/device_button.o)
                                 0x40 (size before relaxing)
 .ARM.exidx     0x0801a75c       0x68 C:\Users\79099\STM32CubeIDE\workspace_1.13.2\device_lib\Debug\libdevice_lib.a(./src/device_dpt.o)
 .ARM.exidx     0x0801a7c4       0x60 C:\Users\79099\STM32CubeIDE\workspace_1.13.2\device_lib\Debug\libdevice_lib.a(./src/device_igniter.o)
 .ARM.exidx     0x0801a824       0x10 C:\Users\79099\STM32CubeIDE\workspace_1.13.2\device_lib\Debug\libdevice_lib.a(./src/device_lswitch.o)
                                 0x18 (size before relaxing)
 .ARM.exidx     0x0801a834        0x0 C:/ST/STM32CubeIDE_1.13.2/STM32CubeIDE/plugins/com.st.stm32cube.ide.mcu.externaltools.gnu-tools-for-stm32.13.3.rel1.win32_1.0.0.202411081344/tools/bin/../lib/gcc/arm-none-eabi/13.3.1/../../../../arm-none-eabi/lib/thumb/v8-m.main+fp/hard\libc_nano.a(libc_a-strcmp.o)
                                  0x8 (size before relaxing)
 .ARM.exidx     0x0801a834       0x78 C:/ST/STM32CubeIDE_1.13.2/STM32CubeIDE/plugins/com.st.stm32cube.ide.mcu.externaltools.gnu-tools-for-stm32.13.3.rel1.win32_1.0.0.202411081344/tools/bin/../lib/gcc/arm-none-eabi/13.3.1/thumb/v8-m.main+fp/hard\libgcc.a(unwind-arm.o)
                                 0xd8 (size before relaxing)
 .ARM.exidx     0x0801a8ac       0x38 C:/ST/STM32CubeIDE_1.13.2/STM32CubeIDE/plugins/com.st.stm32cube.ide.mcu.externaltools.gnu-tools-for-stm32.13.3.rel1.win32_1.0.0.202411081344/tools/bin/../lib/gcc/arm-none-eabi/13.3.1/thumb/v8-m.main+fp/hard\libgcc.a(pr-support.o)
 .ARM.exidx.text._ZN7VDevice5GetDTEv
                0x0801a8e4        0x0 C:\Users\79099\STM32CubeIDE\workspace_1.13.2\device_lib\Debug\libdevice_lib.a(.)
                                  0x8 (size before relaxing)
 .ARM.exidx.text._ZNK10VDeviceDPT12GetLineStateEv
                0x0801a8e4        0x0 C:\Users\79099\STM32CubeIDE\workspace_1.13.2\device_lib\Debug\libdevice_lib.a(./src/device_button.o)
                                  0x8 (size before relaxing)
 .ARM.exidx.text._ZN14VDeviceIgniter5GetDTEv
                0x0801a8e4        0x0 C:\Users\79099\STM32CubeIDE\workspace_1.13.2\device_lib\Debug\libdevice_lib.a(./src/device_igniter.o)
                                  0x8 (size before relaxing)
                0x0801a8e4                        __exidx_end = .
                0x0801a8e4                        . = ALIGN (0x4)

.preinit_array  0x0801a8e4        0x0
                0x0801a8e4                        . = ALIGN (0x4)
                0x0801a8e4                        PROVIDE (__preinit_array_start = .)
 *(.preinit_array*)
                0x0801a8e4                        PROVIDE (__preinit_array_end = .)
                0x0801a8e4                        . = ALIGN (0x4)

.init_array     0x0801a8e4        0x8
                0x0801a8e4                        . = ALIGN (0x4)
                0x0801a8e4                        PROVIDE (__init_array_start = .)
 *(SORT_BY_NAME(.init_array.*))
 *(.init_array*)
 .init_array    0x0801a8e4        0x4 C:/ST/STM32CubeIDE_1.13.2/STM32CubeIDE/plugins/com.st.stm32cube.ide.mcu.externaltools.gnu-tools-for-stm32.13.3.rel1.win32_1.0.0.202411081344/tools/bin/../lib/gcc/arm-none-eabi/13.3.1/thumb/v8-m.main+fp/hard/crtbegin.o
 .init_array    0x0801a8e8        0x4 ./Core/Src/app.o
                0x0801a8ec                        PROVIDE (__init_array_end = .)
                0x0801a8ec                        . = ALIGN (0x4)

.fini_array     0x0801a8ec        0x4
                0x0801a8ec                        . = ALIGN (0x4)
                [!provide]                        PROVIDE (__fini_array_start = .)
 *(SORT_BY_NAME(.fini_array.*))
 *(.fini_array*)
 .fini_array    0x0801a8ec        0x4 C:/ST/STM32CubeIDE_1.13.2/STM32CubeIDE/plugins/com.st.stm32cube.ide.mcu.externaltools.gnu-tools-for-stm32.13.3.rel1.win32_1.0.0.202411081344/tools/bin/../lib/gcc/arm-none-eabi/13.3.1/thumb/v8-m.main+fp/hard/crtbegin.o
                [!provide]                        PROVIDE (__fini_array_end = .)
                0x0801a8f0                        . = ALIGN (0x4)

.rel.dyn        0x0801a8f0        0x0
 .rel.iplt      0x0801a8f0        0x0 C:/ST/STM32CubeIDE_1.13.2/STM32CubeIDE/plugins/com.st.stm32cube.ide.mcu.externaltools.gnu-tools-for-stm32.13.3.rel1.win32_1.0.0.202411081344/tools/bin/../lib/gcc/arm-none-eabi/13.3.1/thumb/v8-m.main+fp/hard/crtbegin.o

.mku_cfg        0x0807e000     0x2000
                0x0807e000                        . = ALIGN (0x4)
                0x0807e000                        _mku_cfg_start = .
                0x08080000                        . = (. + 0x2000)
 *fill*         0x0807e000     0x2000 
                0x08080000                        . = ALIGN (0x4)
                0x08080000                        _mku_cfg_end = .
                0x0801a8f0                        _sidata = LOADADDR (.data)

.data           0x20000000      0x48c load address 0x0801a8f0
                0x20000000                        . = ALIGN (0x4)
                0x20000000                        _sdata = .
 *(.data)
 .data          0x20000000      0x400 C:\Users\79099\STM32CubeIDE\workspace_1.13.2\device_lib\Debug\libdevice_lib.a(.)
                0x20000000                crc32_tab
 *(.data*)
 .data.SystemCoreClock
                0x20000400        0x4 ./Core/Src/system_stm32h5xx.o
                0x20000400                SystemCoreClock
 .data._ZL16g_upd_quad_index
                0x20000404        0x4 ./Core/Src/upd.o
 .data._ZL14g_upd_quad_buf
                0x20000408       0x10 ./Core/Src/upd.o
 .data.uwTickPrio
                0x20000418        0x4 ./Drivers/STM32H5xx_HAL_Driver/Src/stm32h5xx_hal.o
                0x20000418                uwTickPrio
 .data.uwTickFreq
                0x2000041c        0x1 ./Drivers/STM32H5xx_HAL_Driver/Src/stm32h5xx_hal.o
                0x2000041c                uwTickFreq
 *fill*         0x2000041d        0x3 
 .data.pFlash   0x20000420       0x1c ./Drivers/STM32H5xx_HAL_Driver/Src/stm32h5xx_hal_flash.o
                0x20000420                pFlash
 .data._impure_ptr
                0x2000043c        0x4 C:/ST/STM32CubeIDE_1.13.2/STM32CubeIDE/plugins/com.st.stm32cube.ide.mcu.externaltools.gnu-tools-for-stm32.13.3.rel1.win32_1.0.0.202411081344/tools/bin/../lib/gcc/arm-none-eabi/13.3.1/../../../../arm-none-eabi/lib/thumb/v8-m.main+fp/hard\libc_nano.a(libc_a-impure.o)
                0x2000043c                _impure_ptr
 .data._impure_data
                0x20000440       0x4c C:/ST/STM32CubeIDE_1.13.2/STM32CubeIDE/plugins/com.st.stm32cube.ide.mcu.externaltools.gnu-tools-for-stm32.13.3.rel1.win32_1.0.0.202411081344/tools/bin/../lib/gcc/arm-none-eabi/13.3.1/../../../../arm-none-eabi/lib/thumb/v8-m.main+fp/hard\libc_nano.a(libc_a-impure.o)
                0x20000440                _impure_data
 *(.RamFunc)
 *(.RamFunc*)
                0x2000048c                        . = ALIGN (0x4)
                0x2000048c                        _edata = .

.igot.plt       0x2000048c        0x0 load address 0x0801ad7c
 .igot.plt      0x2000048c        0x0 C:/ST/STM32CubeIDE_1.13.2/STM32CubeIDE/plugins/com.st.stm32cube.ide.mcu.externaltools.gnu-tools-for-stm32.13.3.rel1.win32_1.0.0.202411081344/tools/bin/../lib/gcc/arm-none-eabi/13.3.1/thumb/v8-m.main+fp/hard/crtbegin.o
                0x2000048c                        . = ALIGN (0x4)

.bss            0x2000048c     0x4550 load address 0x0801ad7c
                0x2000048c                        _sbss = .
                0x2000048c                        __bss_start__ = _sbss
 *(.bss)
 .bss           0x2000048c       0x1c C:/ST/STM32CubeIDE_1.13.2/STM32CubeIDE/plugins/com.st.stm32cube.ide.mcu.externaltools.gnu-tools-for-stm32.13.3.rel1.win32_1.0.0.202411081344/tools/bin/../lib/gcc/arm-none-eabi/13.3.1/thumb/v8-m.main+fp/hard/crtbegin.o
 .bss           0x200004a8      0x6e0 C:\Users\79099\STM32CubeIDE\workspace_1.13.2\device_lib\Debug\libdevice_lib.a(.)
                0x200004a8                isMaster
                0x200004a9                nDevs
                0x200004ac                BoardDevicesList
                0x200004ec                ListenerDevicesList
                0x2000052c                isListener
                0x2000052d                ListenerDevNum
                0x2000052e                isCanActive
                0x2000052f                send_delay
                0x20000530                start_delay
                0x20000534                BufSendMsgObj
                0x20000b74                IndexSendMsgObj
                0x20000b75                IndexSaveMsgObj
                0x20000b7c                CanStopSend
                0x20000b7d                CanStopRetranslate
                0x20000b80                SavedCfgptr
                0x20000b84                LocalCfgptr
 *(.bss*)
 .bss.MCU_K3_ADC_VAL
                0x20000b88        0xc ./Core/Src/adc.o
                0x20000b88                MCU_K3_ADC_VAL
 .bss.adc_filter_val
                0x20000b94        0xc ./Core/Src/adc.o
 .bss.adc_sma_buf
                0x20000ba0      0x600 ./Core/Src/adc.o
 .bss.adc_sma_sum
                0x200011a0       0x18 ./Core/Src/adc.o
 .bss.adc_sma_fill_index
                0x200011b8        0x6 ./Core/Src/adc.o
 *fill*         0x200011be        0x2 
 .bss.adc_sma_index
                0x200011c0        0x6 ./Core/Src/adc.o
 .bss.lim2_low_adc_filtered
                0x200011c6        0x2 ./Core/Src/adc.o
 .bss.lim2_high_adc_filtered
                0x200011c8        0x2 ./Core/Src/adc.o
 .bss.lim1_low_adc_filtered
                0x200011ca        0x2 ./Core/Src/adc.o
 .bss.lim1_high_adc_filtered
                0x200011cc        0x2 ./Core/Src/adc.o
 .bss.ign_adc_filtered
                0x200011ce        0x2 ./Core/Src/adc.o
 .bss.u24_adc_filtered
                0x200011d0        0x2 ./Core/Src/adc.o
 *fill*         0x200011d2        0x2 
 .bss._ZL5g_cfg
                0x200011d4      0x964 ./Core/Src/app.o
 .bss._ZL11g_saved_cfg
                0x20001b38      0x964 ./Core/Src/app.o
 .bss._ZL8g_limit1
                0x2000249c       0x64 ./Core/Src/app.o
 .bss._ZL8g_limit2
                0x20002500       0x64 ./Core/Src/app.o
 .bss._ZL9g_igniter
                0x20002564       0x40 ./Core/Src/app.o
 .bss._ZL24g_extinguish_deadline_ms
                0x200025a4       0x80 ./Core/Src/app.o
 .bss._ZL18g_extinguish_armed
                0x20002624       0x20 ./Core/Src/app.o
 .bss._ZL11can_rx_ring
                0x20002644     0x1000 ./Core/Src/app.o
 .bss._ZL11can_rx_head
                0x20003644        0x1 ./Core/Src/app.o
 .bss._ZL11can_rx_tail
                0x20003645        0x1 ./Core/Src/app.o
 .bss.CAN1_Active
                0x20003646        0x1 ./Core/Src/app.o
                0x20003646                CAN1_Active
 .bss.CAN2_Active
                0x20003647        0x1 ./Core/Src/app.o
                0x20003647                CAN2_Active
 .bss._ZL17can1_last_rx_tick
                0x20003648        0x4 ./Core/Src/app.o
 .bss._ZL17can2_last_rx_tick
                0x2000364c        0x4 ./Core/Src/app.o
 .bss._ZZ12App_Timer1msE7led_cnt
                0x20003650        0x2 ./Core/Src/app.o
 .bss._ZZ12App_Timer1msE10status_cnt
                0x20003652        0x2 ./Core/Src/app.o
 .bss.hadc1     0x20003654       0x68 ./Core/Src/main.o
                0x20003654                hadc1
 .bss.Node_GPDMA1_Channel0
                0x200036bc       0x24 ./Core/Src/main.o
                0x200036bc                Node_GPDMA1_Channel0
 .bss.List_GPDMA1_Channel0
                0x200036e0       0x18 ./Core/Src/main.o
                0x200036e0                List_GPDMA1_Channel0
 .bss.handle_GPDMA1_Channel0
                0x200036f8       0x78 ./Core/Src/main.o
                0x200036f8                handle_GPDMA1_Channel0
 .bss.hfdcan1   0x20003770       0x64 ./Core/Src/main.o
                0x20003770                hfdcan1
 .bss.hfdcan2   0x200037d4       0x64 ./Core/Src/main.o
                0x200037d4                hfdcan2
 .bss.htim4     0x20003838       0x4c ./Core/Src/main.o
                0x20003838                htim4
 .bss.can_tx_ring
                0x20003884     0x1000 ./Core/Src/main.o
 .bss.can_tx_head
                0x20004884        0x1 ./Core/Src/main.o
 .bss.can_tx_tail
                0x20004885        0x1 ./Core/Src/main.o
 *fill*         0x20004886        0x2 
 .bss.last_tick.0
                0x20004888        0x4 ./Core/Src/main.o
 .bss.HAL_RCC_FDCAN_CLK_ENABLED
                0x2000488c        0x4 ./Core/Src/stm32h5xx_hal_msp.o
 .bss._ZL13g_upd_started
                0x20004890        0x1 ./Core/Src/upd.o
 .bss._ZL17g_upd_flash_error
                0x20004891        0x1 ./Core/Src/upd.o
 .bss._ZL15g_upd_quad_mask
                0x20004892        0x1 ./Core/Src/upd.o
 *fill*         0x20004893        0x1 
 .bss.uwTick    0x20004894        0x4 ./Drivers/STM32H5xx_HAL_Driver/Src/stm32h5xx_hal.o
                0x20004894                uwTick
 .bss.__malloc_free_list