../Core/Src/main.c:73:13:FDCAN_StartAll	32	static
../Core/Src/main.c:107:6:USBSendData	16	static
../Core/Src/main.c:123:13:CanTxEnqueue	32	static
../Core/Src/main.c:144:6:App_CanTxProcess	56	static
../Core/Src/main.c:185:6:CANSendData	24	static
../Core/Src/main.c:192:6:HAL_FDCAN_RxFifo0Callback	72	static
../Core/Src/main.c:228:6:HAL_FDCAN_ErrorStatusCallback	64	static
../Core/Src/main.c:249:5:main	16	static
../Core/Src/main.c:309:6:SystemClock_Config	120	static
../Core/Src/main.c:366:13:MX_ADC1_Init	40	static
../Core/Src/main.c:470:13:MX_FDCAN1_Init	8	static
../Core/Src/main.c:513:13:MX_FDCAN2_Init	8	static
../Core/Src/main.c:556:13:MX_GPDMA1_Init	16	static
../Core/Src/main.c:584:13:MX_TIM4_Init	64	static
../Core/Src/main.c:643:13:MX_GPIO_Init	48	static
../Core/Src/main.c:689:6:Error_Handler	4	static,ignoring_inline_asm
